Archive member included to satisfy reference by file (symbol)

C:/Program Files (x86)/Arm GNU Toolchain arm-none-eabi/13.3 rel1/bin/../lib/gcc/arm-none-eabi/13.3.1/thumb/v6-m/nofp\libgcc.a(_dvmd_tls.o)
                              CMakeFiles/rp2040-freertos-template.dir/C_/Program_Files/Raspberry_Pi/Pico_SDK_v1.5.1/pico-sdk/src/rp2_common/pico_divider/divider.S.obj (__aeabi_idiv0)
C:/Program Files (x86)/Arm GNU Toolchain arm-none-eabi/13.3 rel1/bin/../lib/gcc/arm-none-eabi/13.3.1/thumb/v6-m/nofp\libg.a(libc_a-calloc.o)
                              CMakeFiles/rp2040-freertos-template.dir/C_/Program_Files/Raspberry_Pi/Pico_SDK_v1.5.1/pico-sdk/src/rp2_common/pico_malloc/pico_malloc.c.obj (calloc)
C:/Program Files (x86)/Arm GNU Toolchain arm-none-eabi/13.3 rel1/bin/../lib/gcc/arm-none-eabi/13.3.1/thumb/v6-m/nofp\libg.a(libc_a-callocr.o)
                              C:/Program Files (x86)/Arm GNU Toolchain arm-none-eabi/13.3 rel1/bin/../lib/gcc/arm-none-eabi/13.3.1/thumb/v6-m/nofp\libg.a(libc_a-calloc.o) (_calloc_r)
C:/Program Files (x86)/Arm GNU Toolchain arm-none-eabi/13.3 rel1/bin/../lib/gcc/arm-none-eabi/13.3.1/thumb/v6-m/nofp\libg.a(libc_a-malloc.o)
                              CMakeFiles/rp2040-freertos-template.dir/C_/Program_Files/Raspberry_Pi/Pico_SDK_v1.5.1/pico-sdk/src/rp2_common/pico_malloc/pico_malloc.c.obj (malloc)
C:/Program Files (x86)/Arm GNU Toolchain arm-none-eabi/13.3 rel1/bin/../lib/gcc/arm-none-eabi/13.3.1/thumb/v6-m/nofp\libg.a(libc_a-mallocr.o)
                              C:/Program Files (x86)/Arm GNU Toolchain arm-none-eabi/13.3 rel1/bin/../lib/gcc/arm-none-eabi/13.3.1/thumb/v6-m/nofp\libg.a(libc_a-callocr.o) (_malloc_r)
C:/Program Files (x86)/Arm GNU Toolchain arm-none-eabi/13.3 rel1/bin/../lib/gcc/arm-none-eabi/13.3.1/thumb/v6-m/nofp\libg.a(libc_a-mlock.o)
                              C:/Program Files (x86)/Arm GNU Toolchain arm-none-eabi/13.3 rel1/bin/../lib/gcc/arm-none-eabi/13.3.1/thumb/v6-m/nofp\libg.a(libc_a-mallocr.o) (__malloc_lock)
C:/Program Files (x86)/Arm GNU Toolchain arm-none-eabi/13.3 rel1/bin/../lib/gcc/arm-none-eabi/13.3.1/thumb/v6-m/nofp\libg.a(libc_a-realloc.o)
                              CMakeFiles/rp2040-freertos-template.dir/C_/Program_Files/Raspberry_Pi/Pico_SDK_v1.5.1/pico-sdk/src/rp2_common/pico_malloc/pico_malloc.c.obj (realloc)
C:/Program Files (x86)/Arm GNU Toolchain arm-none-eabi/13.3 rel1/bin/../lib/gcc/arm-none-eabi/13.3.1/thumb/v6-m/nofp\libg.a(libc_a-reallocr.o)
                              C:/Program Files (x86)/Arm GNU Toolchain arm-none-eabi/13.3 rel1/bin/../lib/gcc/arm-none-eabi/13.3.1/thumb/v6-m/nofp\libg.a(libc_a-realloc.o) (_realloc_r)
C:/Program Files (x86)/Arm GNU Toolchain arm-none-eabi/13.3 rel1/bin/../lib/gcc/arm-none-eabi/13.3.1/thumb/v6-m/nofp\libg.a(libc_a-memmove.o)
                              C:/Program Files (x86)/Arm GNU Toolchain arm-none-eabi/13.3 rel1/bin/../lib/gcc/arm-none-eabi/13.3.1/thumb/v6-m/nofp\libg.a(libc_a-reallocr.o) (memmove)
C:/Program Files (x86)/Arm GNU Toolchain arm-none-eabi/13.3 rel1/bin/../lib/gcc/arm-none-eabi/13.3.1/thumb/v6-m/nofp\libg.a(libc_a-impure.o)
                              C:/Program Files (x86)/Arm GNU Toolchain arm-none-eabi/13.3 rel1/bin/../lib/gcc/arm-none-eabi/13.3.1/thumb/v6-m/nofp\libg.a(libc_a-calloc.o) (_impure_ptr)
C:/Program Files (x86)/Arm GNU Toolchain arm-none-eabi/13.3 rel1/bin/../lib/gcc/arm-none-eabi/13.3.1/thumb/v6-m/nofp\libg.a(libc_a-sbrkr.o)
                              C:/Program Files (x86)/Arm GNU Toolchain arm-none-eabi/13.3 rel1/bin/../lib/gcc/arm-none-eabi/13.3.1/thumb/v6-m/nofp\libg.a(libc_a-mallocr.o) (_sbrk_r)
C:/Program Files (x86)/Arm GNU Toolchain arm-none-eabi/13.3 rel1/bin/../lib/gcc/arm-none-eabi/13.3.1/thumb/v6-m/nofp\libg.a(libc_a-errno.o)
                              C:/Program Files (x86)/Arm GNU Toolchain arm-none-eabi/13.3 rel1/bin/../lib/gcc/arm-none-eabi/13.3.1/thumb/v6-m/nofp\libg.a(libc_a-callocr.o) (__errno)
C:/Program Files (x86)/Arm GNU Toolchain arm-none-eabi/13.3 rel1/bin/../lib/gcc/arm-none-eabi/13.3.1/thumb/v6-m/nofp\libg.a(libc_a-init.o)
                              C:/Program Files (x86)/Arm GNU Toolchain arm-none-eabi/13.3 rel1/bin/../lib/gcc/arm-none-eabi/13.3.1/thumb/v6-m/nofp/crt0.o (__libc_init_array)
C:/Program Files (x86)/Arm GNU Toolchain arm-none-eabi/13.3 rel1/bin/../lib/gcc/arm-none-eabi/13.3.1/thumb/v6-m/nofp\libg.a(libc_a-lock.o)
                              C:/Program Files (x86)/Arm GNU Toolchain arm-none-eabi/13.3 rel1/bin/../lib/gcc/arm-none-eabi/13.3.1/thumb/v6-m/nofp\libg.a(libc_a-mlock.o) (__retarget_lock_acquire_recursive)
C:/Program Files (x86)/Arm GNU Toolchain arm-none-eabi/13.3 rel1/bin/../lib/gcc/arm-none-eabi/13.3.1/thumb/v6-m/nofp\libg.a(libc_a-sysconf.o)
                              C:/Program Files (x86)/Arm GNU Toolchain arm-none-eabi/13.3 rel1/bin/../lib/gcc/arm-none-eabi/13.3.1/thumb/v6-m/nofp\libg.a(libc_a-mallocr.o) (sysconf)
[...]
Memory Configuration

Name             Origin             Length             Attributes
FLASH            0x10000000         0x00200000         xr
RAM              0x20000000         0x00040000         xrw
SCRATCH_X        0x20040000         0x00001000         xrw
SCRATCH_Y        0x20041000         0x00001000         xrw
*default*        0x00000000         0xffffffff

Linker script and memory map

LOAD C:/Program Files (x86)/Arm GNU Toolchain arm-none-eabi/13.3 rel1/bin/../lib/gcc/arm-none-eabi/13.3.1/thumb/v6-m/nofp/crti.o
LOAD C:/Program Files (x86)/Arm GNU Toolchain arm-none-eabi/13.3 rel1/bin/../lib/gcc/arm-none-eabi/13.3.1/thumb/v6-m/nofp/crtbegin.o
LOAD C:/Program Files (x86)/Arm GNU Toolchain arm-none-eabi/13.3 rel1/bin/../lib/gcc/arm-none-eabi/13.3.1/thumb/v6-m/nofp/crt0.o

.flash_begin    0x10000000        0x0
                0x10000000                        __flash_binary_start = .

.boot2          0x10000000      0x100
                0x10000000                        __boot2_start__ = .
 *(.boot2)
 .boot2         0x10000000      0x100 C:\Users\murty\AppData\Local\Temp\ccGXsZUb.o
                0x10000100                        __boot2_end__ = .
                0x00000001                        ASSERT (((__boot2_end__ - __boot2_start__) == 0x100), ERROR: Pico second stage bootloader must be 256 bytes in size)

.text           0x10000100     0x66b8
                0x10000100                        __logical_binary_start = .
 *(.vectors)
 .vectors       0x10000100       0xd4 CMakeFiles/rp2040-freertos-template.dir/C_/Program_Files/Raspberry_Pi/Pico_SDK_v1.5.1/pico-sdk/src/rp2_common/pico_standard_link/crt0.S.obj
                0x10000100                __VECTOR_TABLE
                0x10000100                __vectors
                0x100001c0                isr_invalid
                0x100001c0                __default_isrs_start
                0x100001c2                isr_nmi
                0x100001c4                isr_hardfault
                0x100001c6                isr_svcall
                0x100001c8                isr_pendsv
                0x100001ca                isr_systick
                0x100001cc                isr_irq23
                0x100001cc                isr_irq18
                0x100001cc                isr_irq11
                0x100001cc                isr_irq28
                0x100001cc                isr_irq19
                0x100001cc                isr_irq0
                0x100001cc                isr_irq6
                0x100001cc                isr_irq5
                0x100001cc                isr_irq12
                0x100001cc                isr_irq22
                0x100001cc                isr_irq31
                0x100001cc                isr_irq17
                0x100001cc                isr_irq27
                0x100001cc                isr_irq30
                0x100001cc                isr_irq2
                0x100001cc                isr_irq10
                0x100001cc                isr_irq8
                0x100001cc                isr_irq24
                0x100001cc                isr_irq1
                0x100001cc                isr_irq7
                0x100001cc                isr_irq21
                0x100001cc                isr_irq20
                0x100001cc                isr_irq15
                0x100001cc                isr_irq25
                0x100001cc                isr_irq13
                0x100001cc                __unhandled_user_irq
                0x100001cc                isr_irq4
                0x100001cc                isr_irq16
                0x100001cc                isr_irq29
                0x100001cc                isr_irq26
                0x100001cc                __default_isrs_end
                0x100001cc                isr_irq3
                0x100001cc                isr_irq14
                0x100001cc                isr_irq9
                0x100001d2                unhandled_user_irq_num_in_r0
 *(.binary_info_header)
 .binary_info_header
                0x100001d4       0x14 CMakeFiles/rp2040-freertos-template.dir/C_/Program_Files/Raspberry_Pi/Pico_SDK_v1.5.1/pico-sdk/src/rp2_common/pico_standard_link/crt0.S.obj
                0x100001e8                        __binary_info_header_end = .
 *(.reset)
 .reset         0x100001e8       0xa0 CMakeFiles/rp2040-freertos-template.dir/C_/Program_Files/Raspberry_Pi/Pico_SDK_v1.5.1/pico-sdk/src/rp2_common/pico_standard_link/crt0.S.obj
                0x100001e8                _entry_point
 .reset         0x10000288       0x30 CMakeFiles/rp2040-freertos-template.dir/C_/Program_Files/Raspberry_Pi/Pico_SDK_v1.5.1/pico-sdk/src/rp2_common/pico_standard_link/binary_info.c.obj
 *(.init)
 .init          0x100002b8        0x4 C:/Program Files (x86)/Arm GNU Toolchain arm-none-eabi/13.3 rel1/bin/../lib/gcc/arm-none-eabi/13.3.1/thumb/v6-m/nofp/crti.o
                0x100002b8                _init
 *(EXCLUDE_FILE(*libm.a: *libc.a:*lib_a-mem*.o *libgcc.a:) .text*)
 .text.register_tm_clones
                0x100002bc       0x28 C:/Program Files (x86)/Arm GNU Toolchain arm-none-eabi/13.3 rel1/bin/../lib/gcc/arm-none-eabi/13.3.1/thumb/v6-m/nofp/crtbegin.o
 .text.frame_dummy
                0x100002e4       0x24 C:/Program Files (x86)/Arm GNU Toolchain arm-none-eabi/13.3 rel1/bin/../lib/gcc/arm-none-eabi/13.3.1/thumb/v6-m/nofp/crtbegin.o
 .text.led_task
                0x10000308       0x2e CMakeFiles/rp2040-freertos-template.dir/main.c.obj
                0x10000308                led_task
 *fill*         0x10000336        0x2 
 .text.main     0x10000338       0x2c CMakeFiles/rp2040-freertos-template.dir/main.c.obj
                0x10000338                main
 .text.gpio_set_function
                0x10000364       0x30 CMakeFiles/rp2040-freertos-template.dir/C_/Program_Files/Raspberry_Pi/Pico_SDK_v1.5.1/pico-sdk/src/rp2_common/hardware_gpio/gpio.c.obj
                0x10000364                gpio_set_function
 .text.gpio_init
                0x10000394       0x16 CMakeFiles/rp2040-freertos-template.dir/C_/Program_Files/Raspberry_Pi/Pico_SDK_v1.5.1/pico-sdk/src/rp2_common/hardware_gpio/gpio.c.obj
                0x10000394                gpio_init
 *fill*         0x100003aa        0x2 
 .text.running_on_fpga
                0x100003ac       0x14 CMakeFiles/rp2040-freertos-template.dir/C_/Program_Files/Raspberry_Pi/Pico_SDK_v1.5.1/pico-sdk/src/rp2_common/pico_platform/platform.c.obj
                0x100003ac                running_on_fpga
 .text.hw_claim_lock
                0x100003c0       0x18 CMakeFiles/rp2040-freertos-template.dir/C_/Program_Files/Raspberry_Pi/Pico_SDK_v1.5.1/pico-sdk/src/rp2_common/hardware_claim/claim.c.obj
                0x100003c0                hw_claim_lock
 .text.hw_claim_unlock
                0x100003d8       0x14 CMakeFiles/rp2040-freertos-template.dir/C_/Program_Files/Raspberry_Pi/Pico_SDK_v1.5.1/pico-sdk/src/rp2_common/hardware_claim/claim.c.obj
                0x100003d8                hw_claim_unlock
 .text.hw_claim_or_assert
                0x100003ec       0x32 CMakeFiles/rp2040-freertos-template.dir/C_/Program_Files/Raspberry_Pi/Pico_SDK_v1.5.1/pico-sdk/src/rp2_common/hardware_claim/claim.c.obj
                0x100003ec                hw_claim_or_assert
 *fill*         0x1000041e        0x2 
 .text.spin_locks_reset
                0x10000420       0x20 CMakeFiles/rp2040-freertos-template.dir/C_/Program_Files/Raspberry_Pi/Pico_SDK_v1.5.1/pico-sdk/src/rp2_common/hardware_sync/sync.c.obj
                0x10000420                spin_locks_reset
 .text.next_striped_spin_lock_num
                0x10000440       0x1c CMakeFiles/rp2040-freertos-template.dir/C_/Program_Files/Raspberry_Pi/Pico_SDK_v1.5.1/pico-sdk/src/rp2_common/hardware_sync/sync.c.obj
                0x10000440                next_striped_spin_lock_num
 .text.set_raw_irq_handler_and_unlock
                0x1000045c       0x28 CMakeFiles/rp2040-freertos-template.dir/C_/Program_Files/Raspberry_Pi/Pico_SDK_v1.5.1/pico-sdk/src/rp2_common/hardware_irq/irq.c.obj
 .text.resolve_branch
                0x10000484       0x30 CMakeFiles/rp2040-freertos-template.dir/C_/Program_Files/Raspberry_Pi/Pico_SDK_v1.5.1/pico-sdk/src/rp2_common/hardware_irq/irq.c.obj
 .text.make_branch
                0x100004b4       0x48 CMakeFiles/rp2040-freertos-template.dir/C_/Program_Files/Raspberry_Pi/Pico_SDK_v1.5.1/pico-sdk/src/rp2_common/hardware_irq/irq.c.obj
 .text.insert_branch_and_link
                0x100004fc       0x40 CMakeFiles/rp2040-freertos-template.dir/C_/Program_Files/Raspberry_Pi/Pico_SDK_v1.5.1/pico-sdk/src/rp2_common/hardware_irq/irq.c.obj
 .text.irq_is_enabled
                0x1000053c       0x18 CMakeFiles/rp2040-freertos-template.dir/C_/Program_Files/Raspberry_Pi/Pico_SDK_v1.5.1/pico-sdk/src/rp2_common/hardware_irq/irq.c.obj
                0x1000053c                irq_is_enabled
 .text.irq_set_mask_enabled
                0x10000554       0x20 CMakeFiles/rp2040-freertos-template.dir/C_/Program_Files/Raspberry_Pi/Pico_SDK_v1.5.1/pico-sdk/src/rp2_common/hardware_irq/irq.c.obj
                0x10000554                irq_set_mask_enabled
 .text.irq_set_enabled
                0x10000574        0xe CMakeFiles/rp2040-freertos-template.dir/C_/Program_Files/Raspberry_Pi/Pico_SDK_v1.5.1/pico-sdk/src/rp2_common/hardware_irq/irq.c.obj
                0x10000574                irq_set_enabled
 *fill*         0x10000582        0x2 
 .text.irq_get_vtable_handler
                0x10000584       0x10 CMakeFiles/rp2040-freertos-template.dir/C_/Program_Files/Raspberry_Pi/Pico_SDK_v1.5.1/pico-sdk/src/rp2_common/hardware_irq/irq.c.obj
                0x10000584                irq_get_vtable_handler
 .text.irq_set_exclusive_handler
                0x10000594       0x54 CMakeFiles/rp2040-freertos-template.dir/C_/Program_Files/Raspberry_Pi/Pico_SDK_v1.5.1/pico-sdk/src/rp2_common/hardware_irq/irq.c.obj
                0x10000594                irq_set_exclusive_handler
 .text.irq_remove_handler
                0x100005e8      0x188 CMakeFiles/rp2040-freertos-template.dir/C_/Program_Files/Raspberry_Pi/Pico_SDK_v1.5.1/pico-sdk/src/rp2_common/hardware_irq/irq.c.obj
                0x100005e8                irq_remove_handler
 .text.irq_set_priority
                0x10000770       0x28 CMakeFiles/rp2040-freertos-template.dir/C_/Program_Files/Raspberry_Pi/Pico_SDK_v1.5.1/pico-sdk/src/rp2_common/hardware_irq/irq.c.obj
                0x10000770                irq_set_priority
 .text.irq_add_tail_to_free_list
                0x10000798       0xf0 CMakeFiles/rp2040-freertos-template.dir/C_/Program_Files/Raspberry_Pi/Pico_SDK_v1.5.1/pico-sdk/src/rp2_common/hardware_irq/irq.c.obj
                0x10000798                irq_add_tail_to_free_list
 .text.irq_init_priorities
                0x10000888       0x1c CMakeFiles/rp2040-freertos-template.dir/C_/Program_Files/Raspberry_Pi/Pico_SDK_v1.5.1/pico-sdk/src/rp2_common/hardware_irq/irq.c.obj
                0x10000888                irq_init_priorities
 .text.lock_init
                0x100008a4       0x10 CMakeFiles/rp2040-freertos-template.dir/C_/Program_Files/Raspberry_Pi/Pico_SDK_v1.5.1/pico-sdk/src/common/pico_sync/lock_core.c.obj
                0x100008a4                lock_init
 .text.mutex_init
                0x100008b4       0x1c CMakeFiles/rp2040-freertos-template.dir/C_/Program_Files/Raspberry_Pi/Pico_SDK_v1.5.1/pico-sdk/src/common/pico_sync/mutex.c.obj
                0x100008b4                mutex_init
 .text.recursive_mutex_init
                0x100008d0       0x20 CMakeFiles/rp2040-freertos-template.dir/C_/Program_Files/Raspberry_Pi/Pico_SDK_v1.5.1/pico-sdk/src/common/pico_sync/mutex.c.obj
                0x100008d0                recursive_mutex_init
 .text.time_reached
                0x100008f0       0x28 CMakeFiles/rp2040-freertos-template.dir/C_/Program_Files/Raspberry_Pi/Pico_SDK_v1.5.1/pico-sdk/src/common/pico_time/time.c.obj
 .text.get_entry
                0x10000918       0x38 CMakeFiles/rp2040-freertos-template.dir/C_/Program_Files/Raspberry_Pi/Pico_SDK_v1.5.1/pico-sdk/src/common/pico_time/time.c.obj
 .text.timer_pool_entry_comparator
                0x10000950       0x2e CMakeFiles/rp2040-freertos-template.dir/C_/Program_Files/Raspberry_Pi/Pico_SDK_v1.5.1/pico-sdk/src/common/pico_time/time.c.obj
                0x10000950                timer_pool_entry_comparator
 *fill*         0x1000097e        0x2 
 .text.update_us_since_boot
                0x10000980       0x24 CMakeFiles/rp2040-freertos-template.dir/C_/Program_Files/Raspberry_Pi/Pico_SDK_v1.5.1/pico-sdk/src/common/pico_time/time.c.obj
 .text.delayed_by_us
                0x100009a4       0x34 CMakeFiles/rp2040-freertos-template.dir/C_/Program_Files/Raspberry_Pi/Pico_SDK_v1.5.1/pico-sdk/src/common/pico_time/time.c.obj
 .text.ph_get_node
                0x100009d8       0x30 CMakeFiles/rp2040-freertos-template.dir/C_/Program_Files/Raspberry_Pi/Pico_SDK_v1.5.1/pico-sdk/src/common/pico_time/time.c.obj
 .text.ph_contains_node
                0x10000a08       0x1e CMakeFiles/rp2040-freertos-template.dir/C_/Program_Files/Raspberry_Pi/Pico_SDK_v1.5.1/pico-sdk/src/common/pico_time/time.c.obj
 .text.ph_new_node
                0x10000a26       0x28 CMakeFiles/rp2040-freertos-template.dir/C_/Program_Files/Raspberry_Pi/Pico_SDK_v1.5.1/pico-sdk/src/common/pico_time/time.c.obj
 *fill*         0x10000a4e        0x2 
 .text.ph_add_child_node
                0x10000a50       0x6c CMakeFiles/rp2040-freertos-template.dir/C_/Program_Files/Raspberry_Pi/Pico_SDK_v1.5.1/pico-sdk/src/common/pico_time/time.c.obj
 .text.ph_merge_nodes
                0x10000abc       0x3e CMakeFiles/rp2040-freertos-template.dir/C_/Program_Files/Raspberry_Pi/Pico_SDK_v1.5.1/pico-sdk/src/common/pico_time/time.c.obj
 *fill*         0x10000afa        0x2 
 .text.ph_insert_node
                0x10000afc       0x3c CMakeFiles/rp2040-freertos-template.dir/C_/Program_Files/Raspberry_Pi/Pico_SDK_v1.5.1/pico-sdk/src/common/pico_time/time.c.obj
 .text.ph_free_node
                0x10000b38       0x5c CMakeFiles/rp2040-freertos-template.dir/C_/Program_Files/Raspberry_Pi/Pico_SDK_v1.5.1/pico-sdk/src/common/pico_time/time.c.obj
 .text.get_entry_id_high
                0x10000b94       0x30 CMakeFiles/rp2040-freertos-template.dir/C_/Program_Files/Raspberry_Pi/Pico_SDK_v1.5.1/pico-sdk/src/common/pico_time/time.c.obj
 .text.alarm_pool_post_alloc_init
                0x10000bc4       0x40 CMakeFiles/rp2040-freertos-template.dir/C_/Program_Files/Raspberry_Pi/Pico_SDK_v1.5.1/pico-sdk/src/common/pico_time/time.c.obj
 .text.get_absolute_time
                0x10000c04       0x22 CMakeFiles/rp2040-freertos-template.dir/C_/Program_Files/Raspberry_Pi/Pico_SDK_v1.5.1/pico-sdk/src/common/pico_time/time.c.obj
 *fill*         0x10000c26        0x2 
 .text.add_alarm_under_lock
                0x10000c28       0x94 CMakeFiles/rp2040-freertos-template.dir/C_/Program_Files/Raspberry_Pi/Pico_SDK_v1.5.1/pico-sdk/src/common/pico_time/time.c.obj
 .text.alarm_pool_alarm_callback
                0x10000cbc      0x210 CMakeFiles/rp2040-freertos-template.dir/C_/Program_Files/Raspberry_Pi/Pico_SDK_v1.5.1/pico-sdk/src/common/pico_time/time.c.obj
 .text.sleep_until_callback
                0x10000ecc       0x28 CMakeFiles/rp2040-freertos-template.dir/C_/Program_Files/Raspberry_Pi/Pico_SDK_v1.5.1/pico-sdk/src/common/pico_time/time.c.obj
 .text.alarm_pool_init_default
                0x10000ef4       0x40 CMakeFiles/rp2040-freertos-template.dir/C_/Program_Files/Raspberry_Pi/Pico_SDK_v1.5.1/pico-sdk/src/common/pico_time/time.c.obj
                0x10000ef4                alarm_pool_init_default
 .text.alarm_pool_get_default
                0x10000f34       0x2c CMakeFiles/rp2040-freertos-template.dir/C_/Program_Files/Raspberry_Pi/Pico_SDK_v1.5.1/pico-sdk/src/common/pico_time/time.c.obj
                0x10000f34                alarm_pool_get_default
 .text.alarm_pool_add_alarm_at
                0x10000f60      0x10e CMakeFiles/rp2040-freertos-template.dir/C_/Program_Files/Raspberry_Pi/Pico_SDK_v1.5.1/pico-sdk/src/common/pico_time/time.c.obj
                0x10000f60                alarm_pool_add_alarm_at
 .text.add_alarm_at
                0x1000106e       0x2e CMakeFiles/rp2040-freertos-template.dir/C_/Program_Files/Raspberry_Pi/Pico_SDK_v1.5.1/pico-sdk/src/common/pico_time/time.c.obj
 .text.alarm_pool_cancel_alarm
                0x1000109c       0xa8 CMakeFiles/rp2040-freertos-template.dir/C_/Program_Files/Raspberry_Pi/Pico_SDK_v1.5.1/pico-sdk/src/common/pico_time/time.c.obj
                0x1000109c                alarm_pool_cancel_alarm
 .text.cancel_alarm
                0x10001144       0x10 CMakeFiles/rp2040-freertos-template.dir/C_/Program_Files/Raspberry_Pi/Pico_SDK_v1.5.1/pico-sdk/src/common/pico_time/time.c.obj
 .text.best_effort_wfe_or_timeout
                0x10001154       0x44 CMakeFiles/rp2040-freertos-template.dir/C_/Program_Files/Raspberry_Pi/Pico_SDK_v1.5.1/pico-sdk/src/common/pico_time/time.c.obj
                0x10001154                best_effort_wfe_or_timeout
 .text.update_us_since_boot
                0x10001198       0x24 CMakeFiles/rp2040-freertos-template.dir/C_/Program_Files/Raspberry_Pi/Pico_SDK_v1.5.1/pico-sdk/src/rp2_common/hardware_timer/timer.c.obj
 .text.hardware_alarm_irq_handler
                0x100011bc       0x8c CMakeFiles/rp2040-freertos-template.dir/C_/Program_Files/Raspberry_Pi/Pico_SDK_v1.5.1/pico-sdk/src/rp2_common/hardware_timer/timer.c.obj
 .text.hardware_alarm_claim
                0x10001248       0x18 CMakeFiles/rp2040-freertos-template.dir/C_/Program_Files/Raspberry_Pi/Pico_SDK_v1.5.1/pico-sdk/src/rp2_common/hardware_timer/timer.c.obj
                0x10001248                hardware_alarm_claim
 .text.time_us_64
                0x10001260       0x18 CMakeFiles/rp2040-freertos-template.dir/C_/Program_Files/Raspberry_Pi/Pico_SDK_v1.5.1/pico-sdk/src/rp2_common/hardware_timer/timer.c.obj
                0x10001260                time_us_64
 .text.busy_wait_until
                0x10001278       0x28 CMakeFiles/rp2040-freertos-template.dir/C_/Program_Files/Raspberry_Pi/Pico_SDK_v1.5.1/pico-sdk/src/rp2_common/hardware_timer/timer.c.obj
                0x10001278                busy_wait_until
 .text.busy_wait_us
                0x100012a0       0x3a CMakeFiles/rp2040-freertos-template.dir/C_/Program_Files/Raspberry_Pi/Pico_SDK_v1.5.1/pico-sdk/src/rp2_common/hardware_timer/timer.c.obj
                0x100012a0                busy_wait_us
 *fill*         0x100012da        0x2 
 .text.hardware_alarm_set_callback
                0x100012dc       0x90 CMakeFiles/rp2040-freertos-template.dir/C_/Program_Files/Raspberry_Pi/Pico_SDK_v1.5.1/pico-sdk/src/rp2_common/hardware_timer/timer.c.obj
                0x100012dc                hardware_alarm_set_callback
 .text.hardware_alarm_set_target
                0x1000136c       0xe8 CMakeFiles/rp2040-freertos-template.dir/C_/Program_Files/Raspberry_Pi/Pico_SDK_v1.5.1/pico-sdk/src/rp2_common/hardware_timer/timer.c.obj
                0x1000136c                hardware_alarm_set_target
 .text.hardware_alarm_cancel
                0x10001454       0x40 CMakeFiles/rp2040-freertos-template.dir/C_/Program_Files/Raspberry_Pi/Pico_SDK_v1.5.1/pico-sdk/src/rp2_common/hardware_timer/timer.c.obj
                0x10001454                hardware_alarm_cancel
 .text.ph_get_node
                0x10001494       0x30 CMakeFiles/rp2040-freertos-template.dir/C_/Program_Files/Raspberry_Pi/Pico_SDK_v1.5.1/pico-sdk/src/common/pico_util/pheap.c.obj
 .text.ph_add_child_node
                0x100014c4       0x6c CMakeFiles/rp2040-freertos-template.dir/C_/Program_Files/Raspberry_Pi/Pico_SDK_v1.5.1/pico-sdk/src/common/pico_util/pheap.c.obj
 .text.ph_merge_nodes
                0x10001530       0x3e CMakeFiles/rp2040-freertos-template.dir/C_/Program_Files/Raspberry_Pi/Pico_SDK_v1.5.1/pico-sdk/src/common/pico_util/pheap.c.obj
 .text.ph_clear
                0x1000156e       0x34 CMakeFiles/rp2040-freertos-template.dir/C_/Program_Files/Raspberry_Pi/Pico_SDK_v1.5.1/pico-sdk/src/common/pico_util/pheap.c.obj
                0x1000156e                ph_clear
 .text.ph_post_alloc_init
                0x100015a2        0xe CMakeFiles/rp2040-freertos-template.dir/C_/Program_Files/Raspberry_Pi/Pico_SDK_v1.5.1/pico-sdk/src/common/pico_util/pheap.c.obj
                0x100015a2                ph_post_alloc_init
 .text.ph_merge_two_pass
                0x100015b0       0x5c CMakeFiles/rp2040-freertos-template.dir/C_/Program_Files/Raspberry_Pi/Pico_SDK_v1.5.1/pico-sdk/src/common/pico_util/pheap.c.obj
                0x100015b0                ph_merge_two_pass
 .text.ph_remove_any_head
                0x1000160c       0xc0 CMakeFiles/rp2040-freertos-template.dir/C_/Program_Files/Raspberry_Pi/Pico_SDK_v1.5.1/pico-sdk/src/common/pico_util/pheap.c.obj
 .text.ph_remove_head
                0x100016cc       0x14 CMakeFiles/rp2040-freertos-template.dir/C_/Program_Files/Raspberry_Pi/Pico_SDK_v1.5.1/pico-sdk/src/common/pico_util/pheap.c.obj
                0x100016cc                ph_remove_head
 .text.ph_remove_and_free_node
                0x100016e0       0xa0 CMakeFiles/rp2040-freertos-template.dir/C_/Program_Files/Raspberry_Pi/Pico_SDK_v1.5.1/pico-sdk/src/common/pico_util/pheap.c.obj
                0x100016e0                ph_remove_and_free_node
 .text.uart_disable_before_lcr_write
                0x10001780       0x48 CMakeFiles/rp2040-freertos-template.dir/C_/Program_Files/Raspberry_Pi/Pico_SDK_v1.5.1/pico-sdk/src/rp2_common/hardware_uart/uart.c.obj
 .text.uart_write_lcr_bits_masked
                0x100017c8       0x22 CMakeFiles/rp2040-freertos-template.dir/C_/Program_Files/Raspberry_Pi/Pico_SDK_v1.5.1/pico-sdk/src/rp2_common/hardware_uart/uart.c.obj
 *fill*         0x100017ea        0x2 
 .text.uart_set_baudrate
                0x100017ec       0x5c CMakeFiles/rp2040-freertos-template.dir/C_/Program_Files/Raspberry_Pi/Pico_SDK_v1.5.1/pico-sdk/src/rp2_common/hardware_uart/uart.c.obj
                0x100017ec                uart_set_baudrate
 .text.uart_set_format
                0x10001848       0x2c CMakeFiles/rp2040-freertos-template.dir/C_/Program_Files/Raspberry_Pi/Pico_SDK_v1.5.1/pico-sdk/src/rp2_common/hardware_uart/uart.c.obj
                0x10001848                uart_set_format
 .text.uart_set_translate_crlf
                0x10001874       0x28 CMakeFiles/rp2040-freertos-template.dir/C_/Program_Files/Raspberry_Pi/Pico_SDK_v1.5.1/pico-sdk/src/rp2_common/hardware_uart/uart.c.obj
                0x10001874                uart_set_translate_crlf
 .text.uart_init
                0x1000189c       0x80 CMakeFiles/rp2040-freertos-template.dir/C_/Program_Files/Raspberry_Pi/Pico_SDK_v1.5.1/pico-sdk/src/rp2_common/hardware_uart/uart.c.obj
                0x1000189c                uart_init
 .text.clock_configure
                0x1000191c      0x108 CMakeFiles/rp2040-freertos-template.dir/C_/Program_Files/Raspberry_Pi/Pico_SDK_v1.5.1/pico-sdk/src/rp2_common/hardware_clocks/clocks.c.obj
                0x1000191c                clock_configure
 .text.clocks_init
                0x10001a24      0x100 CMakeFiles/rp2040-freertos-template.dir/C_/Program_Files/Raspberry_Pi/Pico_SDK_v1.5.1/pico-sdk/src/rp2_common/hardware_clocks/clocks.c.obj
                0x10001a24                clocks_init
 .text.clock_get_hz
                0x10001b24        0xc CMakeFiles/rp2040-freertos-template.dir/C_/Program_Files/Raspberry_Pi/Pico_SDK_v1.5.1/pico-sdk/src/rp2_common/hardware_clocks/clocks.c.obj
                0x10001b24                clock_get_hz
 .text.pll_init
                0x10001b30      0x120 CMakeFiles/rp2040-freertos-template.dir/C_/Program_Files/Raspberry_Pi/Pico_SDK_v1.5.1/pico-sdk/src/rp2_common/hardware_pll/pll.c.obj
                0x10001b30                pll_init
 .text.watchdog_start_tick
                0x10001c50       0x10 CMakeFiles/rp2040-freertos-template.dir/C_/Program_Files/Raspberry_Pi/Pico_SDK_v1.5.1/pico-sdk/src/rp2_common/hardware_watchdog/watchdog.c.obj
                0x10001c50                watchdog_start_tick
 .text.xosc_init
                0x10001c60       0x28 CMakeFiles/rp2040-freertos-template.dir/C_/Program_Files/Raspberry_Pi/Pico_SDK_v1.5.1/pico-sdk/src/rp2_common/hardware_xosc/xosc.c.obj
                0x10001c60                xosc_init
 .text._exit    0x10001c88        0x4 CMakeFiles/rp2040-freertos-template.dir/C_/Program_Files/Raspberry_Pi/Pico_SDK_v1.5.1/pico-sdk/src/rp2_common/pico_runtime/runtime.c.obj
                0x10001c88                _exit
 .text.exit     0x10001c8c        0x6 CMakeFiles/rp2040-freertos-template.dir/C_/Program_Files/Raspberry_Pi/Pico_SDK_v1.5.1/pico-sdk/src/rp2_common/pico_runtime/runtime.c.obj
                0x10001c8c                exit
 *fill*         0x10001c92        0x2 
 .text.__assert_func
                0x10001c94       0x38 CMakeFiles/rp2040-freertos-template.dir/C_/Program_Files/Raspberry_Pi/Pico_SDK_v1.5.1/pico-sdk/src/rp2_common/pico_runtime/runtime.c.obj
                0x10001c94                __assert_func
 .text.runtime_init
                0x10001ccc       0xf8 CMakeFiles/rp2040-freertos-template.dir/C_/Program_Files/Raspberry_Pi/Pico_SDK_v1.5.1/pico-sdk/src/rp2_common/pico_runtime/runtime.c.obj
                0x10001ccc                runtime_init
 .text.panic    0x10001dc4       0x30 CMakeFiles/rp2040-freertos-template.dir/C_/Program_Files/Raspberry_Pi/Pico_SDK_v1.5.1/pico-sdk/src/rp2_common/pico_runtime/runtime.c.obj
                0x10001dc4                panic
 .text.panic_unsupported
                0x10001df4        0xc CMakeFiles/rp2040-freertos-template.dir/C_/Program_Files/Raspberry_Pi/Pico_SDK_v1.5.1/pico-sdk/src/rp2_common/pico_runtime/runtime.c.obj
                0x10001df4                panic_unsupported
 .text._out_null
                0x10001e00        0x2 CMakeFiles/rp2040-freertos-template.dir/C_/Program_Files/Raspberry_Pi/Pico_SDK_v1.5.1/pico-sdk/src/rp2_common/pico_printf/printf.c.obj
 .text._out_fct
                0x10001e02        0xe CMakeFiles/rp2040-freertos-template.dir/C_/Program_Files/Raspberry_Pi/Pico_SDK_v1.5.1/pico-sdk/src/rp2_common/pico_printf/printf.c.obj
 .text._atoi    0x10001e10       0x24 CMakeFiles/rp2040-freertos-template.dir/C_/Program_Files/Raspberry_Pi/Pico_SDK_v1.5.1/pico-sdk/src/rp2_common/pico_printf/printf.c.obj
 .text._out_rev
                0x10001e34       0xae CMakeFiles/rp2040-freertos-template.dir/C_/Program_Files/Raspberry_Pi/Pico_SDK_v1.5.1/pico-sdk/src/rp2_common/pico_printf/printf.c.obj
 .text._ntoa_format
                0x10001ee2      0x110 CMakeFiles/rp2040-freertos-template.dir/C_/Program_Files/Raspberry_Pi/Pico_SDK_v1.5.1/pico-sdk/src/rp2_common/pico_printf/printf.c.obj
 .text._ntoa_long
                0x10001ff2       0xbc CMakeFiles/rp2040-freertos-template.dir/C_/Program_Files/Raspberry_Pi/Pico_SDK_v1.5.1/pico-sdk/src/rp2_common/pico_printf/printf.c.obj
 .text._ntoa_long_long
                0x100020ae      0x10e CMakeFiles/rp2040-freertos-template.dir/C_/Program_Files/Raspberry_Pi/Pico_SDK_v1.5.1/pico-sdk/src/rp2_common/pico_printf/printf.c.obj
 .text._etoa    0x100021bc      0x420 CMakeFiles/rp2040-freertos-template.dir/C_/Program_Files/Raspberry_Pi/Pico_SDK_v1.5.1/pico-sdk/src/rp2_common/pico_printf/printf.c.obj
 .text._ftoa    0x100025dc      0x354 CMakeFiles/rp2040-freertos-template.dir/C_/Program_Files/Raspberry_Pi/Pico_SDK_v1.5.1/pico-sdk/src/rp2_common/pico_printf/printf.c.obj
 .text._vsnprintf
                0x10002930      0x668 CMakeFiles/rp2040-freertos-template.dir/C_/Program_Files/Raspberry_Pi/Pico_SDK_v1.5.1/pico-sdk/src/rp2_common/pico_printf/printf.c.obj
 .text.vfctprintf
                0x10002f98       0x20 CMakeFiles/rp2040-freertos-template.dir/C_/Program_Files/Raspberry_Pi/Pico_SDK_v1.5.1/pico-sdk/src/rp2_common/pico_printf/printf.c.obj
                0x10002f98                vfctprintf
 .text          0x10002fb8       0x10 CMakeFiles/rp2040-freertos-template.dir/C_/Program_Files/Raspberry_Pi/Pico_SDK_v1.5.1/pico-sdk/src/rp2_common/pico_bit_ops/bit_ops_aeabi.S.obj
 .text.rom_func_lookup
                0x10002fc8       0x10 CMakeFiles/rp2040-freertos-template.dir/C_/Program_Files/Raspberry_Pi/Pico_SDK_v1.5.1/pico-sdk/src/rp2_common/pico_bootrom/bootrom.c.obj
                0x10002fc8                rom_func_lookup
 .text.rom_data_lookup
                0x10002fd8       0x10 CMakeFiles/rp2040-freertos-template.dir/C_/Program_Files/Raspberry_Pi/Pico_SDK_v1.5.1/pico-sdk/src/rp2_common/pico_bootrom/bootrom.c.obj
                0x10002fd8                rom_data_lookup
 .text.rom_funcs_lookup
                0x10002fe8       0x36 CMakeFiles/rp2040-freertos-template.dir/C_/Program_Files/Raspberry_Pi/Pico_SDK_v1.5.1/pico-sdk/src/rp2_common/pico_bootrom/bootrom.c.obj
                0x10002fe8                rom_funcs_lookup
 *fill*         0x1000301e        0x2 
 .text.__wrap___aeabi_idiv
                0x10003020       0x50 CMakeFiles/rp2040-freertos-template.dir/C_/Program_Files/Raspberry_Pi/Pico_SDK_v1.5.1/pico-sdk/src/rp2_common/pico_divider/divider.S.obj
                0x10003020                __wrap___aeabi_idivmod
                0x10003020                divmod_s32s32
                0x10003020                div_s32s32
                0x10003020                __wrap___aeabi_idiv
                0x10003028                divmod_s32s32_unsafe
                0x10003054                divmod_s32s32_savestate
 .text.__wrap___aeabi_uidiv
                0x10003070       0x4c CMakeFiles/rp2040-freertos-template.dir/C_/Program_Files/Raspberry_Pi/Pico_SDK_v1.5.1/pico-sdk/src/rp2_common/pico_divider/divider.S.obj
                0x10003070                __wrap___aeabi_uidiv
                0x10003070                __wrap___aeabi_uidivmod
                0x10003070                div_u32u32
                0x10003070                divmod_u32u32
                0x10003078                divmod_u32u32_unsafe
                0x100030a0                divmod_u32u32_savestate
 .text.__wrap___aeabi_ldiv
                0x100030bc      0x424 CMakeFiles/rp2040-freertos-template.dir/C_/Program_Files/Raspberry_Pi/Pico_SDK_v1.5.1/pico-sdk/src/rp2_common/pico_divider/divider.S.obj
                0x100030bc                div_s64s64
                0x100030bc                divmod_s64s64
                0x100030bc                __wrap___aeabi_ldivmod
                0x100030ec                divmod_u64u64
                0x100030ec                div_u64u64
                0x100030ec                __wrap___aeabi_uldivmod
                0x100030fc                divmod_u64u64_savestate
                0x1000311c                divmod_s64s64_unsafe
                0x100031a4                divmod_u64u64_unsafe
 .text.__wrap___aeabi_darithmetic
                0x100034e0       0x80 CMakeFiles/rp2040-freertos-template.dir/C_/Program_Files/Raspberry_Pi/Pico_SDK_v1.5.1/pico-sdk/src/rp2_common/pico_double/double_aeabi.S.obj
                0x100034e0                __wrap___aeabi_drsub
                0x100034e6                __wrap___aeabi_dsub
                0x100034f8                __wrap___aeabi_dadd
                0x1000350a                __wrap___aeabi_ddiv
                0x10003546                __wrap___aeabi_dmul
 .text.__wrap___aeabi_cdcmple
                0x10003560       0x6c CMakeFiles/rp2040-freertos-template.dir/C_/Program_Files/Raspberry_Pi/Pico_SDK_v1.5.1/pico-sdk/src/rp2_common/pico_double/double_aeabi.S.obj
                0x10003560                __wrap___aeabi_cdrcmple
                0x10003570                __wrap___aeabi_cdcmpeq
                0x10003570                __wrap___aeabi_cdcmple
 .text.__wrap___aeabi_dcmplt
                0x100035cc        0xc CMakeFiles/rp2040-freertos-template.dir/C_/Program_Files/Raspberry_Pi/Pico_SDK_v1.5.1/pico-sdk/src/rp2_common/pico_double/double_aeabi.S.obj
                0x100035cc                __wrap___aeabi_dcmplt
 .text.__wrap___aeabi_dcmple
                0x100035d8       0x10 CMakeFiles/rp2040-freertos-template.dir/C_/Program_Files/Raspberry_Pi/Pico_SDK_v1.5.1/pico-sdk/src/rp2_common/pico_double/double_aeabi.S.obj
                0x100035d8                __wrap___aeabi_dcmple
 .text.__wrap___aeabi_dcmpge
                0x100035e8       0x10 CMakeFiles/rp2040-freertos-template.dir/C_/Program_Files/Raspberry_Pi/Pico_SDK_v1.5.1/pico-sdk/src/rp2_common/pico_double/double_aeabi.S.obj
                0x100035e8                __wrap___aeabi_dcmpge
 .text.__wrap___aeabi_dcmpgt
                0x100035f8        0xa CMakeFiles/rp2040-freertos-template.dir/C_/Program_Files/Raspberry_Pi/Pico_SDK_v1.5.1/pico-sdk/src/rp2_common/pico_double/double_aeabi.S.obj
                0x100035f8                __wrap___aeabi_dcmpgt
 .text.__wrap___aeabi_dcmpun
                0x10003602       0x1c CMakeFiles/rp2040-freertos-template.dir/C_/Program_Files/Raspberry_Pi/Pico_SDK_v1.5.1/pico-sdk/src/rp2_common/pico_double/double_aeabi.S.obj
                0x10003602                __wrap___aeabi_dcmpun
 *fill*         0x1000361e        0x2 
 .text.__wrap___aeabi_i2d
                0x10003620       0x38 CMakeFiles/rp2040-freertos-template.dir/C_/Program_Files/Raspberry_Pi/Pico_SDK_v1.5.1/pico-sdk/src/rp2_common/pico_double/double_aeabi.S.obj
                0x10003620                __wrap___aeabi_ui2d
                0x10003628                __wrap___aeabi_i2d
 .text.__wrap___aeabi_d2iz
                0x10003658       0x48 CMakeFiles/rp2040-freertos-template.dir/C_/Program_Files/Raspberry_Pi/Pico_SDK_v1.5.1/pico-sdk/src/rp2_common/pico_double/double_aeabi.S.obj
                0x10003658                double2int_z
                0x10003658                __wrap___aeabi_d2iz
 .text.__wrap___aeabi_d2uiz
                0x100036a0       0x18 CMakeFiles/rp2040-freertos-template.dir/C_/Program_Files/Raspberry_Pi/Pico_SDK_v1.5.1/pico-sdk/src/rp2_common/pico_double/double_aeabi.S.obj
                0x100036a0                __wrap___aeabi_d2uiz
                0x100036a0                double2uint
 .text.__aeabi_double_init
                0x100036b8       0xcc CMakeFiles/rp2040-freertos-template.dir/C_/Program_Files/Raspberry_Pi/Pico_SDK_v1.5.1/pico-sdk/src/rp2_common/pico_double/double_init_rom.c.obj
                0x100036b8                __aeabi_double_init
 .text.double_table_shim_on_use_helper
                0x10003784       0x34 CMakeFiles/rp2040-freertos-template.dir/C_/Program_Files/Raspberry_Pi/Pico_SDK_v1.5.1/pico-sdk/src/rp2_common/pico_double/double_v1_rom_shim.S.obj
                0x10003784                double_table_shim_on_use_helper
 .text.__wrap___aeabi_dsub
                0x100037b8       0x10 CMakeFiles/rp2040-freertos-template.dir/C_/Program_Files/Raspberry_Pi/Pico_SDK_v1.5.1/pico-sdk/src/rp2_common/pico_double/double_v1_rom_shim.S.obj
                0x100037b8                drsub_shim
                0x100037be                dsub_shim
 .text.dadd_shim
                0x100037c8      0x15c CMakeFiles/rp2040-freertos-template.dir/C_/Program_Files/Raspberry_Pi/Pico_SDK_v1.5.1/pico-sdk/src/rp2_common/pico_double/double_v1_rom_shim.S.obj
                0x100037c8                dadd_shim
 .text.dmul_shim
                0x10003924      0x15c CMakeFiles/rp2040-freertos-template.dir/C_/Program_Files/Raspberry_Pi/Pico_SDK_v1.5.1/pico-sdk/src/rp2_common/pico_double/double_v1_rom_shim.S.obj
                0x10003924                dmul_shim
 .text.ddiv_shim
                0x10003a80      0x1b0 CMakeFiles/rp2040-freertos-template.dir/C_/Program_Files/Raspberry_Pi/Pico_SDK_v1.5.1/pico-sdk/src/rp2_common/pico_double/double_v1_rom_shim.S.obj
                0x10003a80                ddiv_shim
 .text.double2uint_shim
                0x10003c30        0xe CMakeFiles/rp2040-freertos-template.dir/C_/Program_Files/Raspberry_Pi/Pico_SDK_v1.5.1/pico-sdk/src/rp2_common/pico_double/double_v1_rom_shim.S.obj
                0x10003c30                double2uint_shim
                0x10003c32                double2ufix_shim
 *fill*         0x10003c3e        0x2 
 .text.double2uint64_shim
                0x10003c40       0x70 CMakeFiles/rp2040-freertos-template.dir/C_/Program_Files/Raspberry_Pi/Pico_SDK_v1.5.1/pico-sdk/src/rp2_common/pico_double/double_v1_rom_shim.S.obj
                0x10003c40                double2uint64_shim
                0x10003c42                double2ufix64_shim
                0x10003c62                d2fix_a
 .text.dunpacks
                0x10003cb0       0x3c CMakeFiles/rp2040-freertos-template.dir/C_/Program_Files/Raspberry_Pi/Pico_SDK_v1.5.1/pico-sdk/src/rp2_common/pico_double/double_v1_rom_shim.S.obj
                0x10003cb0                dunpacks
 .text.__aeabi_lmul
                0x10003cec       0x32 CMakeFiles/rp2040-freertos-template.dir/C_/Program_Files/Raspberry_Pi/Pico_SDK_v1.5.1/pico-sdk/src/rp2_common/pico_int64_ops/pico_int64_ops_aeabi.S.obj
                0x10003cec                __wrap___aeabi_lmul
 *fill*         0x10003d1e        0x2 
 .text.__aeabi_float_init
                0x10003d20       0xfc CMakeFiles/rp2040-freertos-template.dir/C_/Program_Files/Raspberry_Pi/Pico_SDK_v1.5.1/pico-sdk/src/rp2_common/pico_float/float_init_rom.c.obj
                0x10003d20                __aeabi_float_init
 .text.float_table_shim_on_use_helper
                0x10003e1c       0x34 CMakeFiles/rp2040-freertos-template.dir/C_/Program_Files/Raspberry_Pi/Pico_SDK_v1.5.1/pico-sdk/src/rp2_common/pico_float/float_v1_rom_shim.S.obj
                0x10003e1c                float_table_shim_on_use_helper
 .text          0x10003e50       0x10 CMakeFiles/rp2040-freertos-template.dir/C_/Program_Files/Raspberry_Pi/Pico_SDK_v1.5.1/pico-sdk/src/rp2_common/pico_mem_ops/mem_ops_aeabi.S.obj
                0x10003e50                __aeabi_mem_init
 .text.memset   0x10003e60        0xc CMakeFiles/rp2040-freertos-template.dir/C_/Program_Files/Raspberry_Pi/Pico_SDK_v1.5.1/pico-sdk/src/rp2_common/pico_mem_ops/mem_ops_aeabi.S.obj
                0x10003e60                __wrap_memset
 .text.memcpy   0x10003e6c        0xc CMakeFiles/rp2040-freertos-template.dir/C_/Program_Files/Raspberry_Pi/Pico_SDK_v1.5.1/pico-sdk/src/rp2_common/pico_mem_ops/mem_ops_aeabi.S.obj
                0x10003e6c                __wrap_memcpy
                0x10003e6c                __wrap___aeabi_memcpy
 .text.stdio_out_chars_no_crlf
                0x10003e78        0xe CMakeFiles/rp2040-freertos-template.dir/C_/Program_Files/Raspberry_Pi/Pico_SDK_v1.5.1/pico-sdk/src/rp2_common/pico_stdio/stdio.c.obj
 *fill*         0x10003e86        0x2 
 .text.stdio_out_chars_crlf
                0x10003e88       0x80 CMakeFiles/rp2040-freertos-template.dir/C_/Program_Files/Raspberry_Pi/Pico_SDK_v1.5.1/pico-sdk/src/rp2_common/pico_stdio/stdio.c.obj
 .text.stdio_stack_buffer_flush
                0x10003f08       0x44 CMakeFiles/rp2040-freertos-template.dir/C_/Program_Files/Raspberry_Pi/Pico_SDK_v1.5.1/pico-sdk/src/rp2_common/pico_stdio/stdio.c.obj
 .text.stdio_buffered_printer
                0x10003f4c       0x20 CMakeFiles/rp2040-freertos-template.dir/C_/Program_Files/Raspberry_Pi/Pico_SDK_v1.5.1/pico-sdk/src/rp2_common/pico_stdio/stdio.c.obj
 .text.update_us_since_boot
                0x10003f6c       0x24 CMakeFiles/rp2040-freertos-template.dir/C_/Program_Files/Raspberry_Pi/Pico_SDK_v1.5.1/pico-sdk/src/rp2_common/pico_stdio/stdio.c.obj
 .text.get_absolute_time
                0x10003f90       0x22 CMakeFiles/rp2040-freertos-template.dir/C_/Program_Files/Raspberry_Pi/Pico_SDK_v1.5.1/pico-sdk/src/rp2_common/pico_stdio/stdio.c.obj
 *fill*         0x10003fb2        0x2 
 .text.delayed_by_ms
                0x10003fb4       0x44 CMakeFiles/rp2040-freertos-template.dir/C_/Program_Files/Raspberry_Pi/Pico_SDK_v1.5.1/pico-sdk/src/rp2_common/pico_stdio/stdio.c.obj
 .text.make_timeout_time_ms
                0x10003ff8       0x20 CMakeFiles/rp2040-freertos-template.dir/C_/Program_Files/Raspberry_Pi/Pico_SDK_v1.5.1/pico-sdk/src/rp2_common/pico_stdio/stdio.c.obj
 .text.stdout_serialize_begin
                0x10004018       0x20 CMakeFiles/rp2040-freertos-template.dir/C_/Program_Files/Raspberry_Pi/Pico_SDK_v1.5.1/pico-sdk/src/rp2_common/pico_stdio/stdio.c.obj
                0x10004018                stdout_serialize_begin
 .text.stdout_serialize_end
                0x10004038       0x10 CMakeFiles/rp2040-freertos-template.dir/C_/Program_Files/Raspberry_Pi/Pico_SDK_v1.5.1/pico-sdk/src/rp2_common/pico_stdio/stdio.c.obj
                0x10004038                stdout_serialize_end
 .text.stdio_put_string
                0x10004048       0x98 CMakeFiles/rp2040-freertos-template.dir/C_/Program_Files/Raspberry_Pi/Pico_SDK_v1.5.1/pico-sdk/src/rp2_common/pico_stdio/stdio.c.obj
 .text.stdio_set_driver_enabled
                0x100040e0       0x2c CMakeFiles/rp2040-freertos-template.dir/C_/Program_Files/Raspberry_Pi/Pico_SDK_v1.5.1/pico-sdk/src/rp2_common/pico_stdio/stdio.c.obj
                0x100040e0                stdio_set_driver_enabled
 .text.stdio_flush
                0x1000410c       0x20 CMakeFiles/rp2040-freertos-template.dir/C_/Program_Files/Raspberry_Pi/Pico_SDK_v1.5.1/pico-sdk/src/rp2_common/pico_stdio/stdio.c.obj
                0x1000410c                stdio_flush
 .text.__wrap_puts
                0x1000412c       0x1e CMakeFiles/rp2040-freertos-template.dir/C_/Program_Files/Raspberry_Pi/Pico_SDK_v1.5.1/pico-sdk/src/rp2_common/pico_stdio/stdio.c.obj
                0x1000412c                __wrap_puts
 *fill*         0x1000414a        0x2 
 .text.__wrap_vprintf
                0x1000414c       0x40 CMakeFiles/rp2040-freertos-template.dir/C_/Program_Files/Raspberry_Pi/Pico_SDK_v1.5.1/pico-sdk/src/rp2_common/pico_stdio/stdio.c.obj
                0x1000414c                __wrap_vprintf
 .text.__wrap_printf
                0x1000418c       0x18 CMakeFiles/rp2040-freertos-template.dir/C_/Program_Files/Raspberry_Pi/Pico_SDK_v1.5.1/pico-sdk/src/rp2_common/pico_stdio/stdio.c.obj
                0x1000418c                __wrap_printf
 .text.stdio_init_all
                0x100041a4        0xa CMakeFiles/rp2040-freertos-template.dir/C_/Program_Files/Raspberry_Pi/Pico_SDK_v1.5.1/pico-sdk/src/rp2_common/pico_stdio/stdio.c.obj
                0x100041a4                stdio_init_all
 *fill*         0x100041ae        0x2 
 .text.uart_putc
                0x100041b0       0x60 CMakeFiles/rp2040-freertos-template.dir/C_/Program_Files/Raspberry_Pi/Pico_SDK_v1.5.1/pico-sdk/src/rp2_common/pico_stdio_uart/stdio_uart.c.obj
 .text.uart_getc
                0x10004210       0x24 CMakeFiles/rp2040-freertos-template.dir/C_/Program_Files/Raspberry_Pi/Pico_SDK_v1.5.1/pico-sdk/src/rp2_common/pico_stdio_uart/stdio_uart.c.obj
 .text.stdio_uart_out_chars
                0x10004234       0x20 CMakeFiles/rp2040-freertos-template.dir/C_/Program_Files/Raspberry_Pi/Pico_SDK_v1.5.1/pico-sdk/src/rp2_common/pico_stdio_uart/stdio_uart.c.obj
 .text.stdio_uart_in_chars
                0x10004254       0x5c CMakeFiles/rp2040-freertos-template.dir/C_/Program_Files/Raspberry_Pi/Pico_SDK_v1.5.1/pico-sdk/src/rp2_common/pico_stdio_uart/stdio_uart.c.obj
                0x10004254                stdio_uart_in_chars
 .text.on_uart_rx
                0x100042b0       0x28 CMakeFiles/rp2040-freertos-template.dir/C_/Program_Files/Raspberry_Pi/Pico_SDK_v1.5.1/pico-sdk/src/rp2_common/pico_stdio_uart/stdio_uart.c.obj
 .text.stdio_uart_set_chars_available_callback
                0x100042d8       0x8c CMakeFiles/rp2040-freertos-template.dir/C_/Program_Files/Raspberry_Pi/Pico_SDK_v1.5.1/pico-sdk/src/rp2_common/pico_stdio_uart/stdio_uart.c.obj
 .text.stdio_uart_init_full
                0x10004364       0x44 CMakeFiles/rp2040-freertos-template.dir/C_/Program_Files/Raspberry_Pi/Pico_SDK_v1.5.1/pico-sdk/src/rp2_common/pico_stdio_uart/stdio_uart.c.obj
                0x10004364                stdio_uart_init_full
 .text.stdio_uart_init
                0x100043a8       0x28 CMakeFiles/rp2040-freertos-template.dir/C_/Program_Files/Raspberry_Pi/Pico_SDK_v1.5.1/pico-sdk/src/rp2_common/pico_stdio_uart/stdio_uart.c.obj
                0x100043a8                stdio_uart_init
 .text.prvHeapInit
                0x100043d0       0x58 CMakeFiles/rp2040-freertos-template.dir/__/lib/FreeRTOS-Kernel/portable/MemMang/heap_4.c.obj
 .text.prvInsertBlockIntoFreeList
                0x10004428       0x88 CMakeFiles/rp2040-freertos-template.dir/__/lib/FreeRTOS-Kernel/portable/MemMang/heap_4.c.obj
 .text.pvPortMalloc
                0x100044b0      0x188 CMakeFiles/rp2040-freertos-template.dir/__/lib/FreeRTOS-Kernel/portable/MemMang/heap_4.c.obj
                0x100044b0                pvPortMalloc
 .text.vPortFree
                0x10004638       0xa4 CMakeFiles/rp2040-freertos-template.dir/__/lib/FreeRTOS-Kernel/portable/MemMang/heap_4.c.obj
                0x10004638                vPortFree
 .text.time_reached
                0x100046dc       0x28 CMakeFiles/rp2040-freertos-template.dir/__/lib/FreeRTOS-Kernel/portable/ThirdParty/GCC/RP2040/port.c.obj
 .text.vPortSVCHandler
                0x10004704        0x2 CMakeFiles/rp2040-freertos-template.dir/__/lib/FreeRTOS-Kernel/portable/ThirdParty/GCC/RP2040/port.c.obj
                0x10004704                vPortSVCHandler
 *fill*         0x10004706        0xa 
 .text.vPortStartFirstTask
                0x10004710       0x34 CMakeFiles/rp2040-freertos-template.dir/__/lib/FreeRTOS-Kernel/portable/ThirdParty/GCC/RP2040/port.c.obj
 *fill*         0x10004744        0xc 
 .text.xPortPendSVHandler
                0x10004750       0x64 CMakeFiles/rp2040-freertos-template.dir/__/lib/FreeRTOS-Kernel/portable/ThirdParty/GCC/RP2040/port.c.obj
                0x10004750                xPortPendSVHandler
 .text.prvTaskExitError
                0x100047b4        0x6 CMakeFiles/rp2040-freertos-template.dir/__/lib/FreeRTOS-Kernel/portable/ThirdParty/GCC/RP2040/port.c.obj
 *fill*         0x100047ba        0x2 
 .text.prvFIFOInterruptHandler
                0x100047bc       0x78 CMakeFiles/rp2040-freertos-template.dir/__/lib/FreeRTOS-Kernel/portable/ThirdParty/GCC/RP2040/port.c.obj
 .text.update_us_since_boot
                0x10004834       0x24 CMakeFiles/rp2040-freertos-template.dir/__/lib/FreeRTOS-Kernel/portable/ThirdParty/GCC/RP2040/port.c.obj
 .text.get_absolute_time
                0x10004858       0x22 CMakeFiles/rp2040-freertos-template.dir/__/lib/FreeRTOS-Kernel/portable/ThirdParty/GCC/RP2040/port.c.obj
 *fill*         0x1000487a        0x2 
 .text.prvGetTicksToWaitBefore
                0x1000487c       0x48 CMakeFiles/rp2040-freertos-template.dir/__/lib/FreeRTOS-Kernel/portable/ThirdParty/GCC/RP2040/port.c.obj
 .text.pxPortInitialiseStack
                0x100048c4       0x24 CMakeFiles/rp2040-freertos-template.dir/__/lib/FreeRTOS-Kernel/portable/ThirdParty/GCC/RP2040/port.c.obj
                0x100048c4                pxPortInitialiseStack
 .text.vPortYield
                0x100048e8       0x40 CMakeFiles/rp2040-freertos-template.dir/__/lib/FreeRTOS-Kernel/portable/ThirdParty/GCC/RP2040/port.c.obj
                0x100048e8                vPortYield
 .text.vPortEnterCritical
                0x10004928       0x18 CMakeFiles/rp2040-freertos-template.dir/__/lib/FreeRTOS-Kernel/portable/ThirdParty/GCC/RP2040/port.c.obj
                0x10004928                vPortEnterCritical
 .text.vPortEnableInterrupts
                0x10004940       0x28 CMakeFiles/rp2040-freertos-template.dir/__/lib/FreeRTOS-Kernel/portable/ThirdParty/GCC/RP2040/port.c.obj
                0x10004940                vPortEnableInterrupts
 .text.vPortExitCritical
                0x10004968       0x3c CMakeFiles/rp2040-freertos-template.dir/__/lib/FreeRTOS-Kernel/portable/ThirdParty/GCC/RP2040/port.c.obj
                0x10004968                vPortExitCritical
 .text.ulSetInterruptMaskFromISR
                0x100049a4        0x8 CMakeFiles/rp2040-freertos-template.dir/__/lib/FreeRTOS-Kernel/portable/ThirdParty/GCC/RP2040/port.c.obj
                0x100049a4                ulSetInterruptMaskFromISR
 .text.vClearInterruptMaskFromISR
                0x100049ac        0x6 CMakeFiles/rp2040-freertos-template.dir/__/lib/FreeRTOS-Kernel/portable/ThirdParty/GCC/RP2040/port.c.obj
                0x100049ac                vClearInterruptMaskFromISR
 *fill*         0x100049b2        0x2 
 .text.xPortSysTickHandler
                0x100049b4       0x24 CMakeFiles/rp2040-freertos-template.dir/__/lib/FreeRTOS-Kernel/portable/ThirdParty/GCC/RP2040/port.c.obj
                0x100049b4                xPortSysTickHandler
 .text.vPortSetupTimerInterrupt
                0x100049d8       0x34 CMakeFiles/rp2040-freertos-template.dir/__/lib/FreeRTOS-Kernel/portable/ThirdParty/GCC/RP2040/port.c.obj
                0x100049d8                vPortSetupTimerInterrupt
 .text.xPortStartScheduler
                0x10004a0c       0xa4 CMakeFiles/rp2040-freertos-template.dir/__/lib/FreeRTOS-Kernel/portable/ThirdParty/GCC/RP2040/port.c.obj
                0x10004a0c                xPortStartScheduler
 .text.ulPortLockGetCurrentOwnerId
                0x10004ab0       0x2c CMakeFiles/rp2040-freertos-template.dir/__/lib/FreeRTOS-Kernel/portable/ThirdParty/GCC/RP2040/port.c.obj
                0x10004ab0                ulPortLockGetCurrentOwnerId
 .text.vPortLockInternalSpinUnlockWithNotify
                0x10004adc       0xd0 CMakeFiles/rp2040-freertos-template.dir/__/lib/FreeRTOS-Kernel/portable/ThirdParty/GCC/RP2040/port.c.obj
                0x10004adc                vPortLockInternalSpinUnlockWithNotify
 .text.xPortLockInternalSpinUnlockWithBestEffortWaitOrTimeout
                0x10004bac      0x104 CMakeFiles/rp2040-freertos-template.dir/__/lib/FreeRTOS-Kernel/portable/ThirdParty/GCC/RP2040/port.c.obj
                0x10004bac                xPortLockInternalSpinUnlockWithBestEffortWaitOrTimeout
 .text.prvRuntimeInitializer
                0x10004cb0       0x28 CMakeFiles/rp2040-freertos-template.dir/__/lib/FreeRTOS-Kernel/portable/ThirdParty/GCC/RP2040/port.c.obj
 .text.prvTestWaitCondition
                0x10004cd8       0x1e CMakeFiles/rp2040-freertos-template.dir/__/lib/FreeRTOS-Kernel/event_groups.c.obj
 .text.xEventGroupCreate
                0x10004cf6       0x18 CMakeFiles/rp2040-freertos-template.dir/__/lib/FreeRTOS-Kernel/event_groups.c.obj
                0x10004cf6                xEventGroupCreate
 *fill*         0x10004d0e        0x2 
 .text.xEventGroupWaitBits
                0x10004d10      0x120 CMakeFiles/rp2040-freertos-template.dir/__/lib/FreeRTOS-Kernel/event_groups.c.obj
                0x10004d10                xEventGroupWaitBits
 .text.xEventGroupSetBits
                0x10004e30       0x98 CMakeFiles/rp2040-freertos-template.dir/__/lib/FreeRTOS-Kernel/event_groups.c.obj
                0x10004e30                xEventGroupSetBits
 .text.vEventGroupSetBitsCallback
                0x10004ec8        0x8 CMakeFiles/rp2040-freertos-template.dir/__/lib/FreeRTOS-Kernel/event_groups.c.obj
                0x10004ec8                vEventGroupSetBitsCallback
 .text.xEventGroupSetBitsFromISR
                0x10004ed0       0x18 CMakeFiles/rp2040-freertos-template.dir/__/lib/FreeRTOS-Kernel/event_groups.c.obj
                0x10004ed0                xEventGroupSetBitsFromISR
 .text.vListInitialise
                0x10004ee8       0x16 CMakeFiles/rp2040-freertos-template.dir/__/lib/FreeRTOS-Kernel/list.c.obj
                0x10004ee8                vListInitialise
 .text.vListInitialiseItem
                0x10004efe        0x6 CMakeFiles/rp2040-freertos-template.dir/__/lib/FreeRTOS-Kernel/list.c.obj
                0x10004efe                vListInitialiseItem
 .text.vListInsert
                0x10004f04       0x2e CMakeFiles/rp2040-freertos-template.dir/__/lib/FreeRTOS-Kernel/list.c.obj
                0x10004f04                vListInsert
 .text.uxListRemove
                0x10004f32       0x26 CMakeFiles/rp2040-freertos-template.dir/__/lib/FreeRTOS-Kernel/list.c.obj
                0x10004f32                uxListRemove
 .text.prvIsQueueEmpty
                0x10004f58       0x1c CMakeFiles/rp2040-freertos-template.dir/__/lib/FreeRTOS-Kernel/queue.c.obj
 .text.prvCopyDataToQueue
                0x10004f74       0x7e CMakeFiles/rp2040-freertos-template.dir/__/lib/FreeRTOS-Kernel/queue.c.obj
 .text.prvCopyDataFromQueue
                0x10004ff2       0x24 CMakeFiles/rp2040-freertos-template.dir/__/lib/FreeRTOS-Kernel/queue.c.obj
 *fill*         0x10005016        0x2 
 .text.prvNotifyQueueSetContainer
                0x10005018       0xa8 CMakeFiles/rp2040-freertos-template.dir/__/lib/FreeRTOS-Kernel/queue.c.obj
 .text.prvUnlockQueue
                0x100050c0       0x88 CMakeFiles/rp2040-freertos-template.dir/__/lib/FreeRTOS-Kernel/queue.c.obj
 .text.xQueueGenericReset
                0x10005148       0xd8 CMakeFiles/rp2040-freertos-template.dir/__/lib/FreeRTOS-Kernel/queue.c.obj
                0x10005148                xQueueGenericReset
 .text.prvInitialiseNewQueue
                0x10005220       0x26 CMakeFiles/rp2040-freertos-template.dir/__/lib/FreeRTOS-Kernel/queue.c.obj
 *fill*         0x10005246        0x2 
 .text.xQueueGenericCreate
                0x10005248       0x90 CMakeFiles/rp2040-freertos-template.dir/__/lib/FreeRTOS-Kernel/queue.c.obj
                0x10005248                xQueueGenericCreate
 .text.xQueueGenericSendFromISR
                0x100052d8      0x13c CMakeFiles/rp2040-freertos-template.dir/__/lib/FreeRTOS-Kernel/queue.c.obj
                0x100052d8                xQueueGenericSendFromISR
 .text.xQueueReceive
                0x10005414      0x14c CMakeFiles/rp2040-freertos-template.dir/__/lib/FreeRTOS-Kernel/queue.c.obj
                0x10005414                xQueueReceive
 .text.vQueueAddToRegistry
                0x10005560       0x68 CMakeFiles/rp2040-freertos-template.dir/__/lib/FreeRTOS-Kernel/queue.c.obj
                0x10005560                vQueueAddToRegistry
 .text.vQueueWaitForMessageRestricted
                0x100055c8       0x50 CMakeFiles/rp2040-freertos-template.dir/__/lib/FreeRTOS-Kernel/queue.c.obj
                0x100055c8                vQueueWaitForMessageRestricted
 .text.prvResetNextTaskUnblockTime
                0x10005618       0x2c CMakeFiles/rp2040-freertos-template.dir/__/lib/FreeRTOS-Kernel/tasks.c.obj
 .text.prvDeleteTCB
                0x10005644       0x12 CMakeFiles/rp2040-freertos-template.dir/__/lib/FreeRTOS-Kernel/tasks.c.obj
 *fill*         0x10005656        0x2 
 .text.prvInitialiseNewTask
                0x10005658       0xb0 CMakeFiles/rp2040-freertos-template.dir/__/lib/FreeRTOS-Kernel/tasks.c.obj
 .text.prvInitialiseTaskLists
                0x10005708       0x68 CMakeFiles/rp2040-freertos-template.dir/__/lib/FreeRTOS-Kernel/tasks.c.obj
 .text.prvAddNewTaskToReadyList
                0x10005770       0xc4 CMakeFiles/rp2040-freertos-template.dir/__/lib/FreeRTOS-Kernel/tasks.c.obj
 .text.prvCheckTasksWaitingTermination
                0x10005834       0x44 CMakeFiles/rp2040-freertos-template.dir/__/lib/FreeRTOS-Kernel/tasks.c.obj
 .text.prvIdleTask
                0x10005878       0x18 CMakeFiles/rp2040-freertos-template.dir/__/lib/FreeRTOS-Kernel/tasks.c.obj
 .text.prvAddCurrentTaskToDelayedList
                0x10005890       0x9c CMakeFiles/rp2040-freertos-template.dir/__/lib/FreeRTOS-Kernel/tasks.c.obj
 .text.xTaskCreate
                0x1000592c       0x62 CMakeFiles/rp2040-freertos-template.dir/__/lib/FreeRTOS-Kernel/tasks.c.obj
                0x1000592c                xTaskCreate
 *fill*         0x1000598e        0x2 
 .text.prvCreateIdleTasks
                0x10005990       0x28 CMakeFiles/rp2040-freertos-template.dir/__/lib/FreeRTOS-Kernel/tasks.c.obj
 .text.vTaskStartScheduler
                0x100059b8       0x64 CMakeFiles/rp2040-freertos-template.dir/__/lib/FreeRTOS-Kernel/tasks.c.obj
                0x100059b8                vTaskStartScheduler
 .text.vTaskSuspendAll
                0x10005a1c       0x10 CMakeFiles/rp2040-freertos-template.dir/__/lib/FreeRTOS-Kernel/tasks.c.obj
                0x10005a1c                vTaskSuspendAll
 .text.xTaskGetTickCount
                0x10005a2c        0xc CMakeFiles/rp2040-freertos-template.dir/__/lib/FreeRTOS-Kernel/tasks.c.obj
                0x10005a2c                xTaskGetTickCount
 .text.uxTaskGetNumberOfTasks
                0x10005a38        0xc CMakeFiles/rp2040-freertos-template.dir/__/lib/FreeRTOS-Kernel/tasks.c.obj
                0x10005a38                uxTaskGetNumberOfTasks
 .text.xTaskIncrementTick
                0x10005a44      0x17c CMakeFiles/rp2040-freertos-template.dir/__/lib/FreeRTOS-Kernel/tasks.c.obj
                0x10005a44                xTaskIncrementTick
 .text.xTaskResumeAll
                0x10005bc0      0x158 CMakeFiles/rp2040-freertos-template.dir/__/lib/FreeRTOS-Kernel/tasks.c.obj
                0x10005bc0                xTaskResumeAll
 .text.vTaskDelay
                0x10005d18       0x48 CMakeFiles/rp2040-freertos-template.dir/__/lib/FreeRTOS-Kernel/tasks.c.obj
                0x10005d18                vTaskDelay
 .text.vTaskSwitchContext
                0x10005d60       0xa8 CMakeFiles/rp2040-freertos-template.dir/__/lib/FreeRTOS-Kernel/tasks.c.obj
                0x10005d60                vTaskSwitchContext
 .text.vTaskPlaceOnEventList
                0x10005e08       0x3c CMakeFiles/rp2040-freertos-template.dir/__/lib/FreeRTOS-Kernel/tasks.c.obj
                0x10005e08                vTaskPlaceOnEventList
 .text.vTaskPlaceOnUnorderedEventList
                0x10005e44       0x80 CMakeFiles/rp2040-freertos-template.dir/__/lib/FreeRTOS-Kernel/tasks.c.obj
                0x10005e44                vTaskPlaceOnUnorderedEventList
 .text.vTaskPlaceOnEventListRestricted
                0x10005ec4       0x60 CMakeFiles/rp2040-freertos-template.dir/__/lib/FreeRTOS-Kernel/tasks.c.obj
                0x10005ec4                vTaskPlaceOnEventListRestricted
 .text.xTaskRemoveFromEventList
                0x10005f24      0x100 CMakeFiles/rp2040-freertos-template.dir/__/lib/FreeRTOS-Kernel/tasks.c.obj
                0x10005f24                xTaskRemoveFromEventList
 .text.vTaskRemoveFromUnorderedEventList
                0x10006024       0xf4 CMakeFiles/rp2040-freertos-template.dir/__/lib/FreeRTOS-Kernel/tasks.c.obj
                0x10006024                vTaskRemoveFromUnorderedEventList
 .text.vTaskInternalSetTimeOutState
                0x10006118       0x18 CMakeFiles/rp2040-freertos-template.dir/__/lib/FreeRTOS-Kernel/tasks.c.obj
                0x10006118                vTaskInternalSetTimeOutState
 .text.xTaskCheckForTimeOut
                0x10006130       0xb0 CMakeFiles/rp2040-freertos-template.dir/__/lib/FreeRTOS-Kernel/tasks.c.obj
                0x10006130                xTaskCheckForTimeOut
 .text.vTaskMissedYield
                0x100061e0        0xc CMakeFiles/rp2040-freertos-template.dir/__/lib/FreeRTOS-Kernel/tasks.c.obj
                0x100061e0                vTaskMissedYield
 .text.xTaskGetCurrentTaskHandle
                0x100061ec        0xc CMakeFiles/rp2040-freertos-template.dir/__/lib/FreeRTOS-Kernel/tasks.c.obj
                0x100061ec                xTaskGetCurrentTaskHandle
 .text.xTaskGetSchedulerState
                0x100061f8       0x24 CMakeFiles/rp2040-freertos-template.dir/__/lib/FreeRTOS-Kernel/tasks.c.obj
                0x100061f8                xTaskGetSchedulerState
 .text.xTaskPriorityDisinherit
                0x1000621c       0xc0 CMakeFiles/rp2040-freertos-template.dir/__/lib/FreeRTOS-Kernel/tasks.c.obj
                0x1000621c                xTaskPriorityDisinherit
 .text.uxTaskResetEventItemValue
                0x100062dc       0x18 CMakeFiles/rp2040-freertos-template.dir/__/lib/FreeRTOS-Kernel/tasks.c.obj
                0x100062dc                uxTaskResetEventItemValue
 .text.prvGetNextExpireTime
                0x100062f4       0x24 CMakeFiles/rp2040-freertos-template.dir/__/lib/FreeRTOS-Kernel/timers.c.obj
 .text.prvInsertTimerInActiveList
                0x10006318       0x48 CMakeFiles/rp2040-freertos-template.dir/__/lib/FreeRTOS-Kernel/timers.c.obj
 .text.prvReloadTimer
                0x10006360       0x28 CMakeFiles/rp2040-freertos-template.dir/__/lib/FreeRTOS-Kernel/timers.c.obj
 .text.prvProcessExpiredTimer
                0x10006388       0x3c CMakeFiles/rp2040-freertos-template.dir/__/lib/FreeRTOS-Kernel/timers.c.obj
 .text.prvSwitchTimerLists
                0x100063c4       0x30 CMakeFiles/rp2040-freertos-template.dir/__/lib/FreeRTOS-Kernel/timers.c.obj
 .text.prvSampleTimeNow
                0x100063f4       0x2c CMakeFiles/rp2040-freertos-template.dir/__/lib/FreeRTOS-Kernel/timers.c.obj
 .text.prvProcessTimerOrBlockTask
                0x10006420       0x70 CMakeFiles/rp2040-freertos-template.dir/__/lib/FreeRTOS-Kernel/timers.c.obj
 .text.prvProcessReceivedCommands
                0x10006490      0x104 CMakeFiles/rp2040-freertos-template.dir/__/lib/FreeRTOS-Kernel/timers.c.obj
 .text.prvTimerTask
                0x10006594       0x16 CMakeFiles/rp2040-freertos-template.dir/__/lib/FreeRTOS-Kernel/timers.c.obj
 *fill*         0x100065aa        0x2 
 .text.prvCheckForValidListAndQueue
                0x100065ac       0x60 CMakeFiles/rp2040-freertos-template.dir/__/lib/FreeRTOS-Kernel/timers.c.obj
 .text.xTimerCreateTimerTask
                0x1000660c       0x58 CMakeFiles/rp2040-freertos-template.dir/__/lib/FreeRTOS-Kernel/timers.c.obj
                0x1000660c                xTimerCreateTimerTask
 .text.xTimerPendFunctionCallFromISR
                0x10006664       0x28 CMakeFiles/rp2040-freertos-template.dir/__/lib/FreeRTOS-Kernel/timers.c.obj
                0x10006664                xTimerPendFunctionCallFromISR
 .text.exception_is_compile_time_default
                0x1000668c       0x20 CMakeFiles/rp2040-freertos-template.dir/C_/Program_Files/Raspberry_Pi/Pico_SDK_v1.5.1/pico-sdk/src/rp2_common/hardware_exception/exception.c.obj
 .text.set_raw_exception_handler_and_restore_interrupts
                0x100066ac       0x18 CMakeFiles/rp2040-freertos-template.dir/C_/Program_Files/Raspberry_Pi/Pico_SDK_v1.5.1/pico-sdk/src/rp2_common/hardware_exception/exception.c.obj
 .text.exception_get_vtable_handler
                0x100066c4       0x10 CMakeFiles/rp2040-freertos-template.dir/C_/Program_Files/Raspberry_Pi/Pico_SDK_v1.5.1/pico-sdk/src/rp2_common/hardware_exception/exception.c.obj
                0x100066c4                exception_get_vtable_handler
 .text.exception_set_exclusive_handler
                0x100066d4       0x44 CMakeFiles/rp2040-freertos-template.dir/C_/Program_Files/Raspberry_Pi/Pico_SDK_v1.5.1/pico-sdk/src/rp2_common/hardware_exception/exception.c.obj
                0x100066d4                exception_set_exclusive_handler
 .text.strlen   0x10006718       0x5c C:/Program Files (x86)/Arm GNU Toolchain arm-none-eabi/13.3 rel1/bin/../lib/gcc/arm-none-eabi/13.3.1/thumb/v6-m/nofp\libg.a(libc_a-strlen-stub.o)
                0x10006718                strlen
 *(.fini)
 .fini          0x10006774        0x4 C:/Program Files (x86)/Arm GNU Toolchain arm-none-eabi/13.3 rel1/bin/../lib/gcc/arm-none-eabi/13.3.1/thumb/v6-m/nofp/crti.o
                0x10006774                _fini
 .fini.__stub   0x10006778       0x40 linker stubs
 *crtbegin.o(.ctors)
 *crtbegin?.o(.ctors)
 *(EXCLUDE_FILE(*crtend.o *crtend?.o) .ctors)
 *(SORT_BY_NAME(.ctors.*))
 *(.ctors)
 *crtbegin.o(.dtors)
 *crtbegin?.o(.dtors)
 *(EXCLUDE_FILE(*crtend.o *crtend?.o) .dtors)
 *(SORT_BY_NAME(.dtors.*))
 *(.dtors)
 *(.eh_frame*)
 .eh_frame      0x100067b8        0x0 C:/Program Files (x86)/Arm GNU Toolchain arm-none-eabi/13.3 rel1/bin/../lib/gcc/arm-none-eabi/13.3.1/thumb/v6-m/nofp/crtbegin.o
                0x100067b8                        . = ALIGN (0x4)

.glue_7         0x100067b8        0x0
 .glue_7        0x100067b8        0x0 linker stubs

.glue_7t        0x100067b8        0x0
 .glue_7t       0x100067b8        0x0 linker stubs

.vfp11_veneer   0x100067b8        0x0
 .vfp11_veneer  0x100067b8        0x0 linker stubs

.v4_bx          0x100067b8        0x0
 .v4_bx         0x100067b8        0x0 linker stubs

.iplt           0x100067b8        0x0
 .iplt          0x100067b8        0x0 C:/Program Files (x86)/Arm GNU Toolchain arm-none-eabi/13.3 rel1/bin/../lib/gcc/arm-none-eabi/13.3.1/thumb/v6-m/nofp/crtbegin.o

.rodata         0x100067b8     0x1d58
 *(EXCLUDE_FILE(*libm.a: *libc.a:*lib_a-mem*.o *libgcc.a:) .rodata*)
 .rodata.main.str1.4
                0x100067b8     0x15b1 CMakeFiles/rp2040-freertos-template.dir/main.c.obj
                                  0x9 (size before relaxing)
 .rodata.resolve_branch.str1.4
                0x10007d69       0x71 CMakeFiles/rp2040-freertos-template.dir/C_/Program_Files/Raspberry_Pi/Pico_SDK_v1.5.1/pico-sdk/src/rp2_common/hardware_irq/irq.c.obj
 .rodata.make_branch.str1.4
                0x10007d69       0x30 CMakeFiles/rp2040-freertos-template.dir/C_/Program_Files/Raspberry_Pi/Pico_SDK_v1.5.1/pico-sdk/src/rp2_common/hardware_irq/irq.c.obj
 .rodata.insert_branch_and_link.str1.4
                0x10007d69       0x10 CMakeFiles/rp2040-freertos-template.dir/C_/Program_Files/Raspberry_Pi/Pico_SDK_v1.5.1/pico-sdk/src/rp2_common/hardware_irq/irq.c.obj
 .rodata.irq_set_exclusive_handler.str1.4
                0x10007d69       0x36 CMakeFiles/rp2040-freertos-template.dir/C_/Program_Files/Raspberry_Pi/Pico_SDK_v1.5.1/pico-sdk/src/rp2_common/hardware_irq/irq.c.obj
 .rodata.irq_remove_handler.str1.4
                0x10007d69       0x3a CMakeFiles/rp2040-freertos-template.dir/C_/Program_Files/Raspberry_Pi/Pico_SDK_v1.5.1/pico-sdk/src/rp2_common/hardware_irq/irq.c.obj
 .rodata.irq_add_tail_to_free_list.str1.4
                0x10007d69       0x3a CMakeFiles/rp2040-freertos-template.dir/C_/Program_Files/Raspberry_Pi/Pico_SDK_v1.5.1/pico-sdk/src/rp2_common/hardware_irq/irq.c.obj
 *fill*         0x10007d69        0x3 
 .rodata.__func__.0
                0x10007d6c       0x1a CMakeFiles/rp2040-freertos-template.dir/C_/Program_Files/Raspberry_Pi/Pico_SDK_v1.5.1/pico-sdk/src/rp2_common/hardware_irq/irq.c.obj
 *fill*         0x10007d86        0x2 
 .rodata.__func__.1
                0x10007d88       0x17 CMakeFiles/rp2040-freertos-template.dir/C_/Program_Files/Raspberry_Pi/Pico_SDK_v1.5.1/pico-sdk/src/rp2_common/hardware_irq/irq.c.obj
 *fill*         0x10007d9f        0x1 
 .rodata.__func__.2
                0x10007da0       0x13 CMakeFiles/rp2040-freertos-template.dir/C_/Program_Files/Raspberry_Pi/Pico_SDK_v1.5.1/pico-sdk/src/rp2_common/hardware_irq/irq.c.obj
 *fill*         0x10007db3        0x1 
 .rodata.__func__.3
                0x10007db4        0xc CMakeFiles/rp2040-freertos-template.dir/C_/Program_Files/Raspberry_Pi/Pico_SDK_v1.5.1/pico-sdk/src/rp2_common/hardware_irq/irq.c.obj
 .rodata.__func__.4
                0x10007dc0        0xf CMakeFiles/rp2040-freertos-template.dir/C_/Program_Files/Raspberry_Pi/Pico_SDK_v1.5.1/pico-sdk/src/rp2_common/hardware_irq/irq.c.obj
 *fill*         0x10007dcf        0x1 
 .rodata.__func__.6
                0x10007dd0       0x1a CMakeFiles/rp2040-freertos-template.dir/C_/Program_Files/Raspberry_Pi/Pico_SDK_v1.5.1/pico-sdk/src/rp2_common/hardware_irq/irq.c.obj
 .rodata.str1.4
                0x10007dea       0xa5 CMakeFiles/rp2040-freertos-template.dir/C_/Program_Files/Raspberry_Pi/Pico_SDK_v1.5.1/pico-sdk/src/common/pico_sync/mutex.c.obj
 *fill*         0x10007dea        0x2 
 .rodata.__func__.1
                0x10007dec        0xb CMakeFiles/rp2040-freertos-template.dir/C_/Program_Files/Raspberry_Pi/Pico_SDK_v1.5.1/pico-sdk/src/common/pico_sync/mutex.c.obj
 *fill*         0x10007df7        0x1 
 .rodata.__func__.3
                0x10007df8       0x18 CMakeFiles/rp2040-freertos-template.dir/C_/Program_Files/Raspberry_Pi/Pico_SDK_v1.5.1/pico-sdk/src/common/pico_sync/mutex.c.obj
 .rodata.get_entry.str1.4
                0x10007e10       0x77 CMakeFiles/rp2040-freertos-template.dir/C_/Program_Files/Raspberry_Pi/Pico_SDK_v1.5.1/pico-sdk/src/common/pico_time/time.c.obj
 .rodata.update_us_since_boot.str1.4
                0x10007e10       0x7d CMakeFiles/rp2040-freertos-template.dir/C_/Program_Files/Raspberry_Pi/Pico_SDK_v1.5.1/pico-sdk/src/common/pico_time/time.c.obj
 .rodata.ph_get_node.str1.4
                0x10007e10       0x82 CMakeFiles/rp2040-freertos-template.dir/C_/Program_Files/Raspberry_Pi/Pico_SDK_v1.5.1/pico-sdk/src/common/pico_time/time.c.obj
 .rodata.ph_add_child_node.str1.4
                0x10007e10       0x2e CMakeFiles/rp2040-freertos-template.dir/C_/Program_Files/Raspberry_Pi/Pico_SDK_v1.5.1/pico-sdk/src/common/pico_time/time.c.obj
 .rodata.ph_insert_node.str1.4
                0x10007e10        0x3 CMakeFiles/rp2040-freertos-template.dir/C_/Program_Files/Raspberry_Pi/Pico_SDK_v1.5.1/pico-sdk/src/common/pico_time/time.c.obj
 .rodata.ph_free_node.str1.4
                0x10007e10       0x38 CMakeFiles/rp2040-freertos-template.dir/C_/Program_Files/Raspberry_Pi/Pico_SDK_v1.5.1/pico-sdk/src/common/pico_time/time.c.obj
 .rodata.add_alarm_under_lock.str1.4
                0x10007e10       0x28 CMakeFiles/rp2040-freertos-template.dir/C_/Program_Files/Raspberry_Pi/Pico_SDK_v1.5.1/pico-sdk/src/common/pico_time/time.c.obj
 .rodata.alarm_pool_alarm_callback.str1.4
                0x10007e10       0x60 CMakeFiles/rp2040-freertos-template.dir/C_/Program_Files/Raspberry_Pi/Pico_SDK_v1.5.1/pico-sdk/src/common/pico_time/time.c.obj
 .rodata.alarm_pool_get_default.str1.4
                0x10007e10       0x21 CMakeFiles/rp2040-freertos-template.dir/C_/Program_Files/Raspberry_Pi/Pico_SDK_v1.5.1/pico-sdk/src/common/pico_time/time.c.obj
 .rodata.alarm_pool_cancel_alarm.str1.4
                0x10007e10       0x27 CMakeFiles/rp2040-freertos-template.dir/C_/Program_Files/Raspberry_Pi/Pico_SDK_v1.5.1/pico-sdk/src/common/pico_time/time.c.obj
 .rodata.__func__.1
                0x10007e10       0x18 CMakeFiles/rp2040-freertos-template.dir/C_/Program_Files/Raspberry_Pi/Pico_SDK_v1.5.1/pico-sdk/src/common/pico_time/time.c.obj
 .rodata.__func__.3
                0x10007e28       0x17 CMakeFiles/rp2040-freertos-template.dir/C_/Program_Files/Raspberry_Pi/Pico_SDK_v1.5.1/pico-sdk/src/common/pico_time/time.c.obj
 *fill*         0x10007e3f        0x1 
 .rodata.__func__.4
                0x10007e40       0x12 CMakeFiles/rp2040-freertos-template.dir/C_/Program_Files/Raspberry_Pi/Pico_SDK_v1.5.1/pico-sdk/src/common/pico_time/time.c.obj
 *fill*         0x10007e52        0x2 
 .rodata.__func__.5
                0x10007e54        0xd CMakeFiles/rp2040-freertos-template.dir/C_/Program_Files/Raspberry_Pi/Pico_SDK_v1.5.1/pico-sdk/src/common/pico_time/time.c.obj
 *fill*         0x10007e61        0x3 
 .rodata.__func__.6
                0x10007e64       0x12 CMakeFiles/rp2040-freertos-template.dir/C_/Program_Files/Raspberry_Pi/Pico_SDK_v1.5.1/pico-sdk/src/common/pico_time/time.c.obj
 *fill*         0x10007e76        0x2 
 .rodata.__func__.7
                0x10007e78        0xf CMakeFiles/rp2040-freertos-template.dir/C_/Program_Files/Raspberry_Pi/Pico_SDK_v1.5.1/pico-sdk/src/common/pico_time/time.c.obj
 *fill*         0x10007e87        0x1 
 .rodata.__func__.8
                0x10007e88        0xc CMakeFiles/rp2040-freertos-template.dir/C_/Program_Files/Raspberry_Pi/Pico_SDK_v1.5.1/pico-sdk/src/common/pico_time/time.c.obj
 .rodata.__func__.9
                0x10007e94       0x15 CMakeFiles/rp2040-freertos-template.dir/C_/Program_Files/Raspberry_Pi/Pico_SDK_v1.5.1/pico-sdk/src/common/pico_time/time.c.obj
 *fill*         0x10007ea9        0x3 
 .rodata.__func__.10
                0x10007eac       0x15 CMakeFiles/rp2040-freertos-template.dir/C_/Program_Files/Raspberry_Pi/Pico_SDK_v1.5.1/pico-sdk/src/common/pico_time/time.c.obj
 *fill*         0x10007ec1        0x3 
 .rodata.__func__.11
                0x10007ec4       0x1a CMakeFiles/rp2040-freertos-template.dir/C_/Program_Files/Raspberry_Pi/Pico_SDK_v1.5.1/pico-sdk/src/common/pico_time/time.c.obj
 *fill*         0x10007ede        0x2 
 .rodata.__func__.12
                0x10007ee0        0xa CMakeFiles/rp2040-freertos-template.dir/C_/Program_Files/Raspberry_Pi/Pico_SDK_v1.5.1/pico-sdk/src/common/pico_time/time.c.obj
 .rodata.update_us_since_boot.str1.4
                0x10007eea       0x7d CMakeFiles/rp2040-freertos-template.dir/C_/Program_Files/Raspberry_Pi/Pico_SDK_v1.5.1/pico-sdk/src/rp2_common/hardware_timer/timer.c.obj
 .rodata.hardware_alarm_claim.str1.4
                0x10007eea       0x22 CMakeFiles/rp2040-freertos-template.dir/C_/Program_Files/Raspberry_Pi/Pico_SDK_v1.5.1/pico-sdk/src/rp2_common/hardware_timer/timer.c.obj
 .rodata.hardware_alarm_set_target.str1.4
                0x10007eea       0x81 CMakeFiles/rp2040-freertos-template.dir/C_/Program_Files/Raspberry_Pi/Pico_SDK_v1.5.1/pico-sdk/src/rp2_common/hardware_timer/timer.c.obj
 *fill*         0x10007eea        0x2 
 .rodata.__func__.0
                0x10007eec       0x1a CMakeFiles/rp2040-freertos-template.dir/C_/Program_Files/Raspberry_Pi/Pico_SDK_v1.5.1/pico-sdk/src/rp2_common/hardware_timer/timer.c.obj
 *fill*         0x10007f06        0x2 
 .rodata.__func__.1
                0x10007f08       0x15 CMakeFiles/rp2040-freertos-template.dir/C_/Program_Files/Raspberry_Pi/Pico_SDK_v1.5.1/pico-sdk/src/rp2_common/hardware_timer/timer.c.obj
 .rodata.ph_get_node.str1.4
                0x10007f1d       0x82 CMakeFiles/rp2040-freertos-template.dir/C_/Program_Files/Raspberry_Pi/Pico_SDK_v1.5.1/pico-sdk/src/common/pico_util/pheap.c.obj
 .rodata.ph_add_child_node.str1.4
                0x10007f1d       0x2e CMakeFiles/rp2040-freertos-template.dir/C_/Program_Files/Raspberry_Pi/Pico_SDK_v1.5.1/pico-sdk/src/common/pico_util/pheap.c.obj
 .rodata.ph_remove_any_head.str1.4
                0x10007f1d       0xbc CMakeFiles/rp2040-freertos-template.dir/C_/Program_Files/Raspberry_Pi/Pico_SDK_v1.5.1/pico-sdk/src/common/pico_util/pheap.c.obj
 .rodata.ph_remove_and_free_node.str1.4
                0x10007f1d       0x26 CMakeFiles/rp2040-freertos-template.dir/C_/Program_Files/Raspberry_Pi/Pico_SDK_v1.5.1/pico-sdk/src/common/pico_util/pheap.c.obj
 *fill*         0x10007f1d        0x3 
 .rodata.__func__.0
                0x10007f20       0x18 CMakeFiles/rp2040-freertos-template.dir/C_/Program_Files/Raspberry_Pi/Pico_SDK_v1.5.1/pico-sdk/src/common/pico_util/pheap.c.obj
 .rodata.__func__.1
                0x10007f38       0x13 CMakeFiles/rp2040-freertos-template.dir/C_/Program_Files/Raspberry_Pi/Pico_SDK_v1.5.1/pico-sdk/src/common/pico_util/pheap.c.obj
 *fill*         0x10007f4b        0x1 
 .rodata.__func__.2
                0x10007f4c       0x12 CMakeFiles/rp2040-freertos-template.dir/C_/Program_Files/Raspberry_Pi/Pico_SDK_v1.5.1/pico-sdk/src/common/pico_util/pheap.c.obj
 *fill*         0x10007f5e        0x2 
 .rodata.__func__.3
                0x10007f60        0xc CMakeFiles/rp2040-freertos-template.dir/C_/Program_Files/Raspberry_Pi/Pico_SDK_v1.5.1/pico-sdk/src/common/pico_util/pheap.c.obj
 .rodata.clock_configure.str1.4
                0x10007f6c       0x73 CMakeFiles/rp2040-freertos-template.dir/C_/Program_Files/Raspberry_Pi/Pico_SDK_v1.5.1/pico-sdk/src/rp2_common/hardware_clocks/clocks.c.obj
 .rodata.__func__.1
                0x10007f6c       0x10 CMakeFiles/rp2040-freertos-template.dir/C_/Program_Files/Raspberry_Pi/Pico_SDK_v1.5.1/pico-sdk/src/rp2_common/hardware_clocks/clocks.c.obj
 .rodata.pll_init.str1.4
                0x10007f7c      0x140 CMakeFiles/rp2040-freertos-template.dir/C_/Program_Files/Raspberry_Pi/Pico_SDK_v1.5.1/pico-sdk/src/rp2_common/hardware_pll/pll.c.obj
 .rodata.__func__.0
                0x10007f7c        0x9 CMakeFiles/rp2040-freertos-template.dir/C_/Program_Files/Raspberry_Pi/Pico_SDK_v1.5.1/pico-sdk/src/rp2_common/hardware_pll/pll.c.obj
 .rodata.__assert_func.str1.4
                0x10007f85       0x43 CMakeFiles/rp2040-freertos-template.dir/C_/Program_Files/Raspberry_Pi/Pico_SDK_v1.5.1/pico-sdk/src/rp2_common/pico_runtime/runtime.c.obj
 .rodata.runtime_init.str1.4
                0x10007f85       0x7d CMakeFiles/rp2040-freertos-template.dir/C_/Program_Files/Raspberry_Pi/Pico_SDK_v1.5.1/pico-sdk/src/rp2_common/pico_runtime/runtime.c.obj
 .rodata.panic.str1.4
                0x10007f85       0x12 CMakeFiles/rp2040-freertos-template.dir/C_/Program_Files/Raspberry_Pi/Pico_SDK_v1.5.1/pico-sdk/src/rp2_common/pico_runtime/runtime.c.obj
 .rodata.panic_unsupported.str1.4
                0x10007f85        0xe CMakeFiles/rp2040-freertos-template.dir/C_/Program_Files/Raspberry_Pi/Pico_SDK_v1.5.1/pico-sdk/src/rp2_common/pico_runtime/runtime.c.obj
 *fill*         0x10007f85        0x3 
 .rodata.__func__.2
                0x10007f88        0xd CMakeFiles/rp2040-freertos-template.dir/C_/Program_Files/Raspberry_Pi/Pico_SDK_v1.5.1/pico-sdk/src/rp2_common/pico_runtime/runtime.c.obj
 .rodata._ftoa.str1.4
                0x10007f95       0x15 CMakeFiles/rp2040-freertos-template.dir/C_/Program_Files/Raspberry_Pi/Pico_SDK_v1.5.1/pico-sdk/src/rp2_common/pico_printf/printf.c.obj
 *fill*         0x10007f95        0x3 
 .rodata._vsnprintf
                0x10007f98      0x19c CMakeFiles/rp2040-freertos-template.dir/C_/Program_Files/Raspberry_Pi/Pico_SDK_v1.5.1/pico-sdk/src/rp2_common/pico_printf/printf.c.obj
 *fill*         0x10008134        0x4 
 .rodata.pow10.0
                0x10008138       0x50 CMakeFiles/rp2040-freertos-template.dir/C_/Program_Files/Raspberry_Pi/Pico_SDK_v1.5.1/pico-sdk/src/rp2_common/pico_printf/printf.c.obj
 .rodata.__aeabi_double_init.str1.4
                0x10008188       0xb8 CMakeFiles/rp2040-freertos-template.dir/C_/Program_Files/Raspberry_Pi/Pico_SDK_v1.5.1/pico-sdk/src/rp2_common/pico_double/double_init_rom.c.obj
 .rodata.__func__.0
                0x10008188       0x14 CMakeFiles/rp2040-freertos-template.dir/C_/Program_Files/Raspberry_Pi/Pico_SDK_v1.5.1/pico-sdk/src/rp2_common/pico_double/double_init_rom.c.obj
 .rodata.__aeabi_float_init.str1.4
                0x1000819c       0x9a CMakeFiles/rp2040-freertos-template.dir/C_/Program_Files/Raspberry_Pi/Pico_SDK_v1.5.1/pico-sdk/src/rp2_common/pico_float/float_init_rom.c.obj
 .rodata.__func__.0
                0x1000819c       0x13 CMakeFiles/rp2040-freertos-template.dir/C_/Program_Files/Raspberry_Pi/Pico_SDK_v1.5.1/pico-sdk/src/rp2_common/pico_float/float_init_rom.c.obj
 .rodata.str1.4
                0x100081af       0x50 CMakeFiles/rp2040-freertos-template.dir/C_/Program_Files/Raspberry_Pi/Pico_SDK_v1.5.1/pico-sdk/src/rp2_common/pico_standard_link/binary_info.c.obj
 *fill*         0x100081af        0x1 
 .rodata.__bi_81
                0x100081b0        0xc CMakeFiles/rp2040-freertos-template.dir/C_/Program_Files/Raspberry_Pi/Pico_SDK_v1.5.1/pico-sdk/src/rp2_common/pico_standard_link/binary_info.c.obj
 .rodata.__bi_75
                0x100081bc        0xc CMakeFiles/rp2040-freertos-template.dir/C_/Program_Files/Raspberry_Pi/Pico_SDK_v1.5.1/pico-sdk/src/rp2_common/pico_standard_link/binary_info.c.obj
 .rodata.__bi_44
                0x100081c8        0xc CMakeFiles/rp2040-freertos-template.dir/C_/Program_Files/Raspberry_Pi/Pico_SDK_v1.5.1/pico-sdk/src/rp2_common/pico_standard_link/binary_info.c.obj
 .rodata.update_us_since_boot.str1.4
                0x100081d4       0x7d CMakeFiles/rp2040-freertos-template.dir/C_/Program_Files/Raspberry_Pi/Pico_SDK_v1.5.1/pico-sdk/src/rp2_common/pico_stdio/stdio.c.obj
 .rodata.crlf_str.2
                0x100081d4        0x2 CMakeFiles/rp2040-freertos-template.dir/C_/Program_Files/Raspberry_Pi/Pico_SDK_v1.5.1/pico-sdk/src/rp2_common/pico_stdio/stdio.c.obj
 *fill*         0x100081d6        0x2 
 .rodata.__func__.3
                0x100081d8       0x15 CMakeFiles/rp2040-freertos-template.dir/C_/Program_Files/Raspberry_Pi/Pico_SDK_v1.5.1/pico-sdk/src/rp2_common/pico_stdio/stdio.c.obj
 .rodata.str1.4
                0x100081ed       0x2c CMakeFiles/rp2040-freertos-template.dir/C_/Program_Files/Raspberry_Pi/Pico_SDK_v1.5.1/pico-sdk/src/rp2_common/pico_stdio_uart/stdio_uart.c.obj
 *fill*         0x100081ed        0x3 
 .rodata.__bi_33.4
                0x100081f0        0xc CMakeFiles/rp2040-freertos-template.dir/C_/Program_Files/Raspberry_Pi/Pico_SDK_v1.5.1/pico-sdk/src/rp2_common/pico_stdio_uart/stdio_uart.c.obj
 .rodata.__bi_34.5
                0x100081fc        0x8 CMakeFiles/rp2040-freertos-template.dir/C_/Program_Files/Raspberry_Pi/Pico_SDK_v1.5.1/pico-sdk/src/rp2_common/pico_stdio_uart/stdio_uart.c.obj
 .rodata.prvInsertBlockIntoFreeList.str1.4
                0x10008204       0xd7 CMakeFiles/rp2040-freertos-template.dir/__/lib/FreeRTOS-Kernel/portable/MemMang/heap_4.c.obj
 .rodata.pvPortMalloc.str1.4
                0x10008204      0x18d CMakeFiles/rp2040-freertos-template.dir/__/lib/FreeRTOS-Kernel/portable/MemMang/heap_4.c.obj
 .rodata.vPortFree.str1.4
                0x10008204      0x10f CMakeFiles/rp2040-freertos-template.dir/__/lib/FreeRTOS-Kernel/portable/MemMang/heap_4.c.obj
 .rodata.__func__.0
                0x10008204       0x1b CMakeFiles/rp2040-freertos-template.dir/__/lib/FreeRTOS-Kernel/portable/MemMang/heap_4.c.obj
 *fill*         0x1000821f        0x1 
 .rodata.__func__.1
                0x10008220        0xa CMakeFiles/rp2040-freertos-template.dir/__/lib/FreeRTOS-Kernel/portable/MemMang/heap_4.c.obj
 *fill*         0x1000822a        0x2 
 .rodata.__func__.2
                0x1000822c        0xd CMakeFiles/rp2040-freertos-template.dir/__/lib/FreeRTOS-Kernel/portable/MemMang/heap_4.c.obj
 .rodata.update_us_since_boot.str1.4
                0x10008239       0x7d CMakeFiles/rp2040-freertos-template.dir/__/lib/FreeRTOS-Kernel/portable/ThirdParty/GCC/RP2040/port.c.obj
 .rodata.vPortYield.str1.4
                0x10008239       0x8b CMakeFiles/rp2040-freertos-template.dir/__/lib/FreeRTOS-Kernel/portable/ThirdParty/GCC/RP2040/port.c.obj
 .rodata.vPortExitCritical.str1.4
                0x10008239       0x12 CMakeFiles/rp2040-freertos-template.dir/__/lib/FreeRTOS-Kernel/portable/ThirdParty/GCC/RP2040/port.c.obj
 .rodata.vPortLockInternalSpinUnlockWithWait.str1.4
                0x10008239       0x72 CMakeFiles/rp2040-freertos-template.dir/__/lib/FreeRTOS-Kernel/portable/ThirdParty/GCC/RP2040/port.c.obj
 *fill*         0x10008239        0x3 
 .rodata.__func__.0
                0x1000823c       0x15 CMakeFiles/rp2040-freertos-template.dir/__/lib/FreeRTOS-Kernel/portable/ThirdParty/GCC/RP2040/port.c.obj
 *fill*         0x10008251        0x3 
 .rodata.__func__.1
                0x10008254       0x37 CMakeFiles/rp2040-freertos-template.dir/__/lib/FreeRTOS-Kernel/portable/ThirdParty/GCC/RP2040/port.c.obj
 *fill*         0x1000828b        0x1 
 .rodata.__func__.4
                0x1000828c       0x12 CMakeFiles/rp2040-freertos-template.dir/__/lib/FreeRTOS-Kernel/portable/ThirdParty/GCC/RP2040/port.c.obj
 *fill*         0x1000829e        0x2 
 .rodata.__func__.5
                0x100082a0        0xb CMakeFiles/rp2040-freertos-template.dir/__/lib/FreeRTOS-Kernel/portable/ThirdParty/GCC/RP2040/port.c.obj
 .rodata.xEventGroupWaitBits.str1.4
                0x100082ab       0xef CMakeFiles/rp2040-freertos-template.dir/__/lib/FreeRTOS-Kernel/event_groups.c.obj
 .rodata.xEventGroupSetBits.str1.4
                0x100082ab       0x24 CMakeFiles/rp2040-freertos-template.dir/__/lib/FreeRTOS-Kernel/event_groups.c.obj
 *fill*         0x100082ab        0x1 
 .rodata.__func__.1
                0x100082ac       0x13 CMakeFiles/rp2040-freertos-template.dir/__/lib/FreeRTOS-Kernel/event_groups.c.obj
 *fill*         0x100082bf        0x1 
 .rodata.__func__.3
                0x100082c0       0x14 CMakeFiles/rp2040-freertos-template.dir/__/lib/FreeRTOS-Kernel/event_groups.c.obj
 .rodata.prvNotifyQueueSetContainer.str1.4
                0x100082d4       0xca CMakeFiles/rp2040-freertos-template.dir/__/lib/FreeRTOS-Kernel/queue.c.obj
 .rodata.xQueueGenericReset.str1.4
                0x100082d4       0x2c CMakeFiles/rp2040-freertos-template.dir/__/lib/FreeRTOS-Kernel/queue.c.obj
 .rodata.xQueueGenericCreate.str1.4
                0x100082d4        0xb CMakeFiles/rp2040-freertos-template.dir/__/lib/FreeRTOS-Kernel/queue.c.obj
 .rodata.xQueueGenericSend.str1.4
                0x100082d4       0xfb CMakeFiles/rp2040-freertos-template.dir/__/lib/FreeRTOS-Kernel/queue.c.obj
 .rodata.xQueueReceive.str1.4
                0x100082d4       0x66 CMakeFiles/rp2040-freertos-template.dir/__/lib/FreeRTOS-Kernel/queue.c.obj
 .rodata.uxQueueMessagesWaiting.str1.4
                0x100082d4        0x7 CMakeFiles/rp2040-freertos-template.dir/__/lib/FreeRTOS-Kernel/queue.c.obj
 .rodata.__func__.2
                0x100082d4       0x14 CMakeFiles/rp2040-freertos-template.dir/__/lib/FreeRTOS-Kernel/queue.c.obj
 .rodata.__func__.13
                0x100082e8        0xe CMakeFiles/rp2040-freertos-template.dir/__/lib/FreeRTOS-Kernel/queue.c.obj
 *fill*         0x100082f6        0x2 
 .rodata.__func__.15
                0x100082f8       0x19 CMakeFiles/rp2040-freertos-template.dir/__/lib/FreeRTOS-Kernel/queue.c.obj
 *fill*         0x10008311        0x3 
 .rodata.__func__.16
                0x10008314       0x1b CMakeFiles/rp2040-freertos-template.dir/__/lib/FreeRTOS-Kernel/queue.c.obj
 *fill*         0x1000832f        0x1 
 .rodata.__func__.23
                0x10008330       0x14 CMakeFiles/rp2040-freertos-template.dir/__/lib/FreeRTOS-Kernel/queue.c.obj
 .rodata.__func__.24
                0x10008344       0x13 CMakeFiles/rp2040-freertos-template.dir/__/lib/FreeRTOS-Kernel/queue.c.obj
 .rodata.prvTaskIsTaskSuspended.str1.4
                0x10008357       0x51 CMakeFiles/rp2040-freertos-template.dir/__/lib/FreeRTOS-Kernel/tasks.c.obj
 .rodata.prvInitialiseNewTask.str1.4
                0x10008357       0x10 CMakeFiles/rp2040-freertos-template.dir/__/lib/FreeRTOS-Kernel/tasks.c.obj
 .rodata.prvCreateIdleTasks.str1.4
                0x10008357        0x5 CMakeFiles/rp2040-freertos-template.dir/__/lib/FreeRTOS-Kernel/tasks.c.obj
 .rodata.vTaskStartScheduler.str1.4
                0x10008357       0x12 CMakeFiles/rp2040-freertos-template.dir/__/lib/FreeRTOS-Kernel/tasks.c.obj
 .rodata.xTaskIncrementTick.str1.4
                0x10008357       0x76 CMakeFiles/rp2040-freertos-template.dir/__/lib/FreeRTOS-Kernel/tasks.c.obj
 .rodata.xTaskResumeAll.str1.4
                0x10008357       0x1b CMakeFiles/rp2040-freertos-template.dir/__/lib/FreeRTOS-Kernel/tasks.c.obj
 .rodata.xTaskDelayUntil.str1.4
                0x10008357       0x47 CMakeFiles/rp2040-freertos-template.dir/__/lib/FreeRTOS-Kernel/tasks.c.obj
 .rodata.vTaskSwitchContext.str1.4
                0x10008357        0xe CMakeFiles/rp2040-freertos-template.dir/__/lib/FreeRTOS-Kernel/tasks.c.obj
 .rodata.vTaskPlaceOnEventList.str1.4
                0x10008357        0xc CMakeFiles/rp2040-freertos-template.dir/__/lib/FreeRTOS-Kernel/tasks.c.obj
 .rodata.vTaskPlaceOnUnorderedEventList.str1.4
                0x10008357       0x2b CMakeFiles/rp2040-freertos-template.dir/__/lib/FreeRTOS-Kernel/tasks.c.obj
 .rodata.xTaskRemoveFromEventList.str1.4
                0x10008357        0xf CMakeFiles/rp2040-freertos-template.dir/__/lib/FreeRTOS-Kernel/tasks.c.obj
 .rodata.vTaskSetTimeOutState.str1.4
                0x10008357        0xa CMakeFiles/rp2040-freertos-template.dir/__/lib/FreeRTOS-Kernel/tasks.c.obj
 .rodata.xTaskCheckForTimeOut.str1.4
                0x10008357        0xe CMakeFiles/rp2040-freertos-template.dir/__/lib/FreeRTOS-Kernel/tasks.c.obj
 .rodata.xTaskPriorityDisinherit.str1.4
                0x10008357       0x2d CMakeFiles/rp2040-freertos-template.dir/__/lib/FreeRTOS-Kernel/tasks.c.obj
 *fill*         0x10008357        0x1 
 .rodata.__func__.8
                0x10008358       0x18 CMakeFiles/rp2040-freertos-template.dir/__/lib/FreeRTOS-Kernel/tasks.c.obj
 .rodata.__func__.10
                0x10008370       0x15 CMakeFiles/rp2040-freertos-template.dir/__/lib/FreeRTOS-Kernel/tasks.c.obj
 *fill*         0x10008385        0x3 
 .rodata.__func__.12
                0x10008388       0x22 CMakeFiles/rp2040-freertos-template.dir/__/lib/FreeRTOS-Kernel/tasks.c.obj
 *fill*         0x100083aa        0x2 
 .rodata.__func__.13
                0x100083ac       0x19 CMakeFiles/rp2040-freertos-template.dir/__/lib/FreeRTOS-Kernel/tasks.c.obj
 *fill*         0x100083c5        0x3 
 .rodata.__func__.14
                0x100083c8       0x20 CMakeFiles/rp2040-freertos-template.dir/__/lib/FreeRTOS-Kernel/tasks.c.obj
 .rodata.__func__.15
                0x100083e8       0x1f CMakeFiles/rp2040-freertos-template.dir/__/lib/FreeRTOS-Kernel/tasks.c.obj
 *fill*         0x10008407        0x1 
 .rodata.__func__.16
                0x10008408       0x16 CMakeFiles/rp2040-freertos-template.dir/__/lib/FreeRTOS-Kernel/tasks.c.obj
 *fill*         0x1000841e        0x2 
 .rodata.__func__.17
                0x10008420       0x13 CMakeFiles/rp2040-freertos-template.dir/__/lib/FreeRTOS-Kernel/tasks.c.obj
 *fill*         0x10008433        0x1 
 .rodata.__func__.18
                0x10008434       0x13 CMakeFiles/rp2040-freertos-template.dir/__/lib/FreeRTOS-Kernel/tasks.c.obj
 *fill*         0x10008447        0x1 
 .rodata.__func__.24
                0x10008448        0xf CMakeFiles/rp2040-freertos-template.dir/__/lib/FreeRTOS-Kernel/tasks.c.obj
 *fill*         0x10008457        0x1 
 .rodata.__func__.25
                0x10008458       0x14 CMakeFiles/rp2040-freertos-template.dir/__/lib/FreeRTOS-Kernel/tasks.c.obj
 .rodata.__func__.32
                0x1000846c        0xb CMakeFiles/rp2040-freertos-template.dir/__/lib/FreeRTOS-Kernel/tasks.c.obj
 *fill*         0x10008477        0x1 
 .rodata.__func__.35
                0x10008478       0x15 CMakeFiles/rp2040-freertos-template.dir/__/lib/FreeRTOS-Kernel/tasks.c.obj
 *fill*         0x1000848d        0x3 
 .rodata.uxTopUsedPriority
                0x10008490        0x4 CMakeFiles/rp2040-freertos-template.dir/__/lib/FreeRTOS-Kernel/tasks.c.obj
                0x10008490                uxTopUsedPriority
 .rodata.prvProcessReceivedCommands.str1.4
                0x10008494       0x72 CMakeFiles/rp2040-freertos-template.dir/__/lib/FreeRTOS-Kernel/timers.c.obj
 .rodata.prvProcessReceivedCommands
                0x10008494       0x28 CMakeFiles/rp2040-freertos-template.dir/__/lib/FreeRTOS-Kernel/timers.c.obj
 .rodata.prvCheckForValidListAndQueue.str1.4
                0x100084bc        0x5 CMakeFiles/rp2040-freertos-template.dir/__/lib/FreeRTOS-Kernel/timers.c.obj
 .rodata.xTimerCreateTimerTask.str1.4
                0x100084bc       0x10 CMakeFiles/rp2040-freertos-template.dir/__/lib/FreeRTOS-Kernel/timers.c.obj
 .rodata.__func__.13
                0x100084bc       0x1b CMakeFiles/rp2040-freertos-template.dir/__/lib/FreeRTOS-Kernel/timers.c.obj
 *fill*         0x100084d7        0x1 
 .rodata.__func__.15
                0x100084d8       0x16 CMakeFiles/rp2040-freertos-template.dir/__/lib/FreeRTOS-Kernel/timers.c.obj
 .rodata.exception_set_exclusive_handler.str1.4
                0x100084ee       0xa9 CMakeFiles/rp2040-freertos-template.dir/C_/Program_Files/Raspberry_Pi/Pico_SDK_v1.5.1/pico-sdk/src/rp2_common/hardware_exception/exception.c.obj
 *fill*         0x100084ee        0x2 
 .rodata.__func__.1
                0x100084f0       0x20 CMakeFiles/rp2040-freertos-template.dir/C_/Program_Files/Raspberry_Pi/Pico_SDK_v1.5.1/pico-sdk/src/rp2_common/hardware_exception/exception.c.obj
                0x10008510                        . = ALIGN (0x4)
 *(SORT_BY_ALIGNMENT(SORT_BY_NAME(.flashdata*)))
                0x10008510                        . = ALIGN (0x4)

.ARM.extab
 *(.ARM.extab* .gnu.linkonce.armextab.*)
                0x10008510                        __exidx_start = .

.ARM.exidx
 *(.ARM.exidx* .gnu.linkonce.armexidx.*)
                0x10008510                        __exidx_end = .
                0x10008510                        . = ALIGN (0x4)
                0x10008510                        __binary_info_start = .

.binary_info    0x10008510       0x24
 *(.binary_info.keep.*)
 .binary_info.keep.__bi_ptr81
                0x10008510        0x4 CMakeFiles/rp2040-freertos-template.dir/C_/Program_Files/Raspberry_Pi/Pico_SDK_v1.5.1/pico-sdk/src/rp2_common/pico_standard_link/binary_info.c.obj
 .binary_info.keep.__bi_ptr75
                0x10008514        0x4 CMakeFiles/rp2040-freertos-template.dir/C_/Program_Files/Raspberry_Pi/Pico_SDK_v1.5.1/pico-sdk/src/rp2_common/pico_standard_link/binary_info.c.obj
 .binary_info.keep.__bi_ptr50
                0x10008518        0x4 CMakeFiles/rp2040-freertos-template.dir/C_/Program_Files/Raspberry_Pi/Pico_SDK_v1.5.1/pico-sdk/src/rp2_common/pico_standard_link/binary_info.c.obj
 .binary_info.keep.__bi_ptr44
                0x1000851c        0x4 CMakeFiles/rp2040-freertos-template.dir/C_/Program_Files/Raspberry_Pi/Pico_SDK_v1.5.1/pico-sdk/src/rp2_common/pico_standard_link/binary_info.c.obj
 .binary_info.keep.__bi_ptr38
                0x10008520        0x4 CMakeFiles/rp2040-freertos-template.dir/C_/Program_Files/Raspberry_Pi/Pico_SDK_v1.5.1/pico-sdk/src/rp2_common/pico_standard_link/binary_info.c.obj
 .binary_info.keep.__bi_ptr30
                0x10008524        0x4 CMakeFiles/rp2040-freertos-template.dir/C_/Program_Files/Raspberry_Pi/Pico_SDK_v1.5.1/pico-sdk/src/rp2_common/pico_standard_link/binary_info.c.obj
 .binary_info.keep.__bi_ptr22
                0x10008528        0x4 CMakeFiles/rp2040-freertos-template.dir/C_/Program_Files/Raspberry_Pi/Pico_SDK_v1.5.1/pico-sdk/src/rp2_common/pico_standard_link/binary_info.c.obj
 *(.binary_info.*)
 .binary_info.__bi_ptr34
                0x1000852c        0x4 CMakeFiles/rp2040-freertos-template.dir/C_/Program_Files/Raspberry_Pi/Pico_SDK_v1.5.1/pico-sdk/src/rp2_common/pico_stdio_uart/stdio_uart.c.obj
 .binary_info.__bi_ptr33
                0x10008530        0x4 CMakeFiles/rp2040-freertos-template.dir/C_/Program_Files/Raspberry_Pi/Pico_SDK_v1.5.1/pico-sdk/src/rp2_common/pico_stdio_uart/stdio_uart.c.obj
                0x10008534                        __binary_info_end = .

.rel.dyn        0x10008534        0x0
 .rel.iplt      0x10008534        0x0 C:/Program Files (x86)/Arm GNU Toolchain arm-none-eabi/13.3 rel1/bin/../lib/gcc/arm-none-eabi/13.3.1/thumb/v6-m/nofp/crtbegin.o
                0x10008534                        . = ALIGN (0x4)

.ram_vector_table
                0x20000000       0xc0
 *(.ram_vector_table)
 .ram_vector_table
                0x20000000       0xc0 CMakeFiles/rp2040-freertos-template.dir/C_/Program_Files/Raspberry_Pi/Pico_SDK_v1.5.1/pico-sdk/src/rp2_common/pico_runtime/runtime.c.obj
                0x20000000                ram_vector_table

.data           0x200000c0      0x254 load address 0x10008534
                0x200000c0                        __data_start__ = .
 *(vtable)
 *(.time_critical*)
 .time_critical.mutex_try_enter